Archive member included to satisfy reference by file (symbol)

D:/ST/STM32CubeIDE_1.14.0/STM32CubeIDE/plugins/com.st.stm32cube.ide.mcu.externaltools.gnu-tools-for-stm32.11.3.rel1.win32_1.1.100.202309141235/tools/bin/../lib/gcc/arm-none-eabi/11.3.1/../../../../arm-none-eabi/lib/thumb/v7e-m+fp/hard\libc_nano.a(libc_a-exit.o)
                              D:/ST/STM32CubeIDE_1.14.0/STM32CubeIDE/plugins/com.st.stm32cube.ide.mcu.externaltools.gnu-tools-for-stm32.11.3.rel1.win32_1.1.100.202309141235/tools/bin/../lib/gcc/arm-none-eabi/11.3.1/../../../../arm-none-eabi/lib/thumb/v7e-m+fp/hard/crt0.o (exit)
D:/ST/STM32CubeIDE_1.14.0/STM32CubeIDE/plugins/com.st.stm32cube.ide.mcu.externaltools.gnu-tools-for-stm32.11.3.rel1.win32_1.1.100.202309141235/tools/bin/../lib/gcc/arm-none-eabi/11.3.1/../../../../arm-none-eabi/lib/thumb/v7e-m+fp/hard\libc_nano.a(libc_a-nano-vfprintf_float.o)
                              (_printf_float)
D:/ST/STM32CubeIDE_1.14.0/STM32CubeIDE/plugins/com.st.stm32cube.ide.mcu.externaltools.gnu-tools-for-stm32.11.3.rel1.win32_1.1.100.202309141235/tools/bin/../lib/gcc/arm-none-eabi/11.3.1/../../../../arm-none-eabi/lib/thumb/v7e-m+fp/hard\libc_nano.a(libc_a-nano-vfprintf_i.o)
                              D:/ST/STM32CubeIDE_1.14.0/STM32CubeIDE/plugins/com.st.stm32cube.ide.mcu.externaltools.gnu-tools-for-stm32.11.3.rel1.win32_1.1.100.202309141235/tools/bin/../lib/gcc/arm-none-eabi/11.3.1/../../../../arm-none-eabi/lib/thumb/v7e-m+fp/hard\libc_nano.a(libc_a-nano-vfprintf_float.o) (_printf_common)
D:/ST/STM32CubeIDE_1.14.0/STM32CubeIDE/plugins/com.st.stm32cube.ide.mcu.externaltools.gnu-tools-for-stm32.11.3.rel1.win32_1.1.100.202309141235/tools/bin/../lib/gcc/arm-none-eabi/11.3.1/../../../../arm-none-eabi/lib/thumb/v7e-m+fp/hard\libc_nano.a(libc_a-findfp.o)
                              D:/ST/STM32CubeIDE_1.14.0/STM32CubeIDE/plugins/com.st.stm32cube.ide.mcu.externaltools.gnu-tools-for-stm32.11.3.rel1.win32_1.1.100.202309141235/tools/bin/../lib/gcc/arm-none-eabi/11.3.1/../../../../arm-none-eabi/lib/thumb/v7e-m+fp/hard\libc_nano.a(libc_a-exit.o) (__stdio_exit_handler)
D:/ST/STM32CubeIDE_1.14.0/STM32CubeIDE/plugins/com.st.stm32cube.ide.mcu.externaltools.gnu-tools-for-stm32.11.3.rel1.win32_1.1.100.202309141235/tools/bin/../lib/gcc/arm-none-eabi/11.3.1/../../../../arm-none-eabi/lib/thumb/v7e-m+fp/hard\libc_nano.a(libc_a-fwalk.o)
                              D:/ST/STM32CubeIDE_1.14.0/STM32CubeIDE/plugins/com.st.stm32cube.ide.mcu.externaltools.gnu-tools-for-stm32.11.3.rel1.win32_1.1.100.202309141235/tools/bin/../lib/gcc/arm-none-eabi/11.3.1/../../../../arm-none-eabi/lib/thumb/v7e-m+fp/hard\libc_nano.a(libc_a-findfp.o) (_fwalk_sglue)
D:/ST/STM32CubeIDE_1.14.0/STM32CubeIDE/plugins/com.st.stm32cube.ide.mcu.externaltools.gnu-tools-for-stm32.11.3.rel1.win32_1.1.100.202309141235/tools/bin/../lib/gcc/arm-none-eabi/11.3.1/../../../../arm-none-eabi/lib/thumb/v7e-m+fp/hard\libc_nano.a(libc_a-printf.o)
                              ./Core/Src/rf_driver.o (printf)
D:/ST/STM32CubeIDE_1.14.0/STM32CubeIDE/plugins/com.st.stm32cube.ide.mcu.externaltools.gnu-tools-for-stm32.11.3.rel1.win32_1.1.100.202309141235/tools/bin/../lib/gcc/arm-none-eabi/11.3.1/../../../../arm-none-eabi/lib/thumb/v7e-m+fp/hard\libc_nano.a(libc_a-stdio.o)
                              D:/ST/STM32CubeIDE_1.14.0/STM32CubeIDE/plugins/com.st.stm32cube.ide.mcu.externaltools.gnu-tools-for-stm32.11.3.rel1.win32_1.1.100.202309141235/tools/bin/../lib/gcc/arm-none-eabi/11.3.1/../../../../arm-none-eabi/lib/thumb/v7e-m+fp/hard\libc_nano.a(libc_a-findfp.o) (__sread)
D:/ST/STM32CubeIDE_1.14.0/STM32CubeIDE/plugins/com.st.stm32cube.ide.mcu.externaltools.gnu-tools-for-stm32.11.3.rel1.win32_1.1.100.202309141235/tools/bin/../lib/gcc/arm-none-eabi/11.3.1/../../../../arm-none-eabi/lib/thumb/v7e-m+fp/hard\libc_nano.a(libc_a-memset.o)
                              D:/ST/STM32CubeIDE_1.14.0/STM32CubeIDE/plugins/com.st.stm32cube.ide.mcu.externaltools.gnu-tools-for-stm32.11.3.rel1.win32_1.1.100.202309141235/tools/bin/../lib/gcc/arm-none-eabi/11.3.1/../../../../arm-none-eabi/lib/thumb/v7e-m+fp/hard/crt0.o (memset)
D:/ST/STM32CubeIDE_1.14.0/STM32CubeIDE/plugins/com.st.stm32cube.ide.mcu.externaltools.gnu-tools-for-stm32.11.3.rel1.win32_1.1.100.202309141235/tools/bin/../lib/gcc/arm-none-eabi/11.3.1/../../../../arm-none-eabi/lib/thumb/v7e-m+fp/hard\libc_nano.a(libc_a-localeconv.o)
                              D:/ST/STM32CubeIDE_1.14.0/STM32CubeIDE/plugins/com.st.stm32cube.ide.mcu.externaltools.gnu-tools-for-stm32.11.3.rel1.win32_1.1.100.202309141235/tools/bin/../lib/gcc/arm-none-eabi/11.3.1/../../../../arm-none-eabi/lib/thumb/v7e-m+fp/hard\libc_nano.a(libc_a-nano-vfprintf_float.o) (_localeconv_r)
D:/ST/STM32CubeIDE_1.14.0/STM32CubeIDE/plugins/com.st.stm32cube.ide.mcu.externaltools.gnu-tools-for-stm32.11.3.rel1.win32_1.1.100.202309141235/tools/bin/../lib/gcc/arm-none-eabi/11.3.1/../../../../arm-none-eabi/lib/thumb/v7e-m+fp/hard\libc_nano.a(libc_a-closer.o)
[...]
Memory Configuration

Name             Origin             Length             Attributes
RAM              0x0000000020000000 0x0000000000050000 xrw
RAM2             0x0000000010000000 0x0000000000010000 xrw
FLASH            0x0000000008000000 0x0000000000100000 xr
*default*        0x0000000000000000 0xffffffffffffffff

Linker script and memory map

LOAD D:/ST/STM32CubeIDE_1.14.0/STM32CubeIDE/plugins/com.st.stm32cube.ide.mcu.externaltools.gnu-tools-for-stm32.11.3.rel1.win32_1.1.100.202309141235/tools/bin/../lib/gcc/arm-none-eabi/11.3.1/thumb/v7e-m+fp/hard/crti.o
LOAD D:/ST/STM32CubeIDE_1.14.0/STM32CubeIDE/plugins/com.st.stm32cube.ide.mcu.externaltools.gnu-tools-for-stm32.11.3.rel1.win32_1.1.100.202309141235/tools/bin/../lib/gcc/arm-none-eabi/11.3.1/thumb/v7e-m+fp/hard/crtbegin.o
LOAD D:/ST/STM32CubeIDE_1.14.0/STM32CubeIDE/plugins/com.st.stm32cube.ide.mcu.externaltools.gnu-tools-for-stm32.11.3.rel1.win32_1.1.100.202309141235/tools/bin/../lib/gcc/arm-none-eabi/11.3.1/../../../../arm-none-eabi/lib/thumb/v7e-m+fp/hard/crt0.o
LOAD ./Core/Src/dwt_stm32_delay.o
LOAD ./Core/Src/freertos.o
LOAD ./Core/Src/lsm9ds1_driver.o
LOAD ./Core/Src/main.o
LOAD ./Core/Src/rf_driver.o
LOAD ./Core/Src/stm32l4xx_hal_msp.o
LOAD ./Core/Src/stm32l4xx_hal_timebase_tim.o
LOAD ./Core/Src/stm32l4xx_it.o
LOAD ./Core/Src/syscalls.o
LOAD ./Core/Src/sysmem.o
LOAD ./Core/Src/system_stm32l4xx.o
LOAD ./Core/Startup/startup_stm32l496zgtx.o
LOAD ./Drivers/STM32L4xx_HAL_Driver/Src/stm32l4xx_hal.o
LOAD ./Drivers/STM32L4xx_HAL_Driver/Src/stm32l4xx_hal_cortex.o
LOAD ./Drivers/STM32L4xx_HAL_Driver/Src/stm32l4xx_hal_dma.o
LOAD ./Drivers/STM32L4xx_HAL_Driver/Src/stm32l4xx_hal_dma_ex.o
LOAD ./Drivers/STM32L4xx_HAL_Driver/Src/stm32l4xx_hal_exti.o
LOAD ./Drivers/STM32L4xx_HAL_Driver/Src/stm32l4xx_hal_flash.o
LOAD ./Drivers/STM32L4xx_HAL_Driver/Src/stm32l4xx_hal_flash_ex.o
LOAD ./Drivers/STM32L4xx_HAL_Driver/Src/stm32l4xx_hal_flash_ramfunc.o
LOAD ./Drivers/STM32L4xx_HAL_Driver/Src/stm32l4xx_hal_gpio.o
LOAD ./Drivers/STM32L4xx_HAL_Driver/Src/stm32l4xx_hal_i2c.o
LOAD ./Drivers/STM32L4xx_HAL_Driver/Src/stm32l4xx_hal_i2c_ex.o
LOAD ./Drivers/STM32L4xx_HAL_Driver/Src/stm32l4xx_hal_pwr.o
LOAD ./Drivers/STM32L4xx_HAL_Driver/Src/stm32l4xx_hal_pwr_ex.o
LOAD ./Drivers/STM32L4xx_HAL_Driver/Src/stm32l4xx_hal_rcc.o
LOAD ./Drivers/STM32L4xx_HAL_Driver/Src/stm32l4xx_hal_rcc_ex.o
LOAD ./Drivers/STM32L4xx_HAL_Driver/Src/stm32l4xx_hal_spi.o
LOAD ./Drivers/STM32L4xx_HAL_Driver/Src/stm32l4xx_hal_spi_ex.o
LOAD ./Drivers/STM32L4xx_HAL_Driver/Src/stm32l4xx_hal_tim.o
LOAD ./Drivers/STM32L4xx_HAL_Driver/Src/stm32l4xx_hal_tim_ex.o
LOAD ./Drivers/STM32L4xx_HAL_Driver/Src/stm32l4xx_hal_uart.o
LOAD ./Drivers/STM32L4xx_HAL_Driver/Src/stm32l4xx_hal_uart_ex.o
LOAD ./Middlewares/Third_Party/FreeRTOS/Source/CMSIS_RTOS_V2/cmsis_os2.o
LOAD ./Middlewares/Third_Party/FreeRTOS/Source/croutine.o
LOAD ./Middlewares/Third_Party/FreeRTOS/Source/event_groups.o
LOAD ./Middlewares/Third_Party/FreeRTOS/Source/list.o
LOAD ./Middlewares/Third_Party/FreeRTOS/Source/queue.o
LOAD ./Middlewares/Third_Party/FreeRTOS/Source/stream_buffer.o
LOAD ./Middlewares/Third_Party/FreeRTOS/Source/tasks.o
LOAD ./Middlewares/Third_Party/FreeRTOS/Source/timers.o
LOAD ./Middlewares/Third_Party/FreeRTOS/Source/portable/GCC/ARM_CM4F/port.o
LOAD ./Middlewares/Third_Party/FreeRTOS/Source/portable/MemMang/heap_4.o
START GROUP
LOAD D:/ST/STM32CubeIDE_1.14.0/STM32CubeIDE/plugins/com.st.stm32cube.ide.mcu.externaltools.gnu-tools-for-stm32.11.3.rel1.win32_1.1.100.202309141235/tools/bin/../lib/gcc/arm-none-eabi/11.3.1/../../../../arm-none-eabi/lib/thumb/v7e-m+fp/hard\libc_nano.a
LOAD D:/ST/STM32CubeIDE_1.14.0/STM32CubeIDE/plugins/com.st.stm32cube.ide.mcu.externaltools.gnu-tools-for-stm32.11.3.rel1.win32_1.1.100.202309141235/tools/bin/../lib/gcc/arm-none-eabi/11.3.1/../../../../arm-none-eabi/lib/thumb/v7e-m+fp/hard\libm.a
END GROUP
START GROUP
LOAD D:/ST/STM32CubeIDE_1.14.0/STM32CubeIDE/plugins/com.st.stm32cube.ide.mcu.externaltools.gnu-tools-for-stm32.11.3.rel1.win32_1.1.100.202309141235/tools/bin/../lib/gcc/arm-none-eabi/11.3.1/thumb/v7e-m+fp/hard\libgcc.a
LOAD D:/ST/STM32CubeIDE_1.14.0/STM32CubeIDE/plugins/com.st.stm32cube.ide.mcu.externaltools.gnu-tools-for-stm32.11.3.rel1.win32_1.1.100.202309141235/tools/bin/../lib/gcc/arm-none-eabi/11.3.1/../../../../arm-none-eabi/lib/thumb/v7e-m+fp/hard\libc_nano.a
END GROUP
START GROUP
LOAD D:/ST/STM32CubeIDE_1.14.0/STM32CubeIDE/plugins/com.st.stm32cube.ide.mcu.externaltools.gnu-tools-for-stm32.11.3.rel1.win32_1.1.100.202309141235/tools/bin/../lib/gcc/arm-none-eabi/11.3.1/thumb/v7e-m+fp/hard\libgcc.a
LOAD D:/ST/STM32CubeIDE_1.14.0/STM32CubeIDE/plugins/com.st.stm32cube.ide.mcu.externaltools.gnu-tools-for-stm32.11.3.rel1.win32_1.1.100.202309141235/tools/bin/../lib/gcc/arm-none-eabi/11.3.1/../../../../arm-none-eabi/lib/thumb/v7e-m+fp/hard\libc_nano.a
LOAD D:/ST/STM32CubeIDE_1.14.0/STM32CubeIDE/plugins/com.st.stm32cube.ide.mcu.externaltools.gnu-tools-for-stm32.11.3.rel1.win32_1.1.100.202309141235/tools/bin/../lib/gcc/arm-none-eabi/11.3.1/../../../../arm-none-eabi/lib/thumb/v7e-m+fp/hard\libnosys.a
END GROUP
START GROUP
LOAD D:/ST/STM32CubeIDE_1.14.0/STM32CubeIDE/plugins/com.st.stm32cube.ide.mcu.externaltools.gnu-tools-for-stm32.11.3.rel1.win32_1.1.100.202309141235/tools/bin/../lib/gcc/arm-none-eabi/11.3.1/thumb/v7e-m+fp/hard\libgcc.a
LOAD D:/ST/STM32CubeIDE_1.14.0/STM32CubeIDE/plugins/com.st.stm32cube.ide.mcu.externaltools.gnu-tools-for-stm32.11.3.rel1.win32_1.1.100.202309141235/tools/bin/../lib/gcc/arm-none-eabi/11.3.1/../../../../arm-none-eabi/lib/thumb/v7e-m+fp/hard\libc_nano.a
LOAD D:/ST/STM32CubeIDE_1.14.0/STM32CubeIDE/plugins/com.st.stm32cube.ide.mcu.externaltools.gnu-tools-for-stm32.11.3.rel1.win32_1.1.100.202309141235/tools/bin/../lib/gcc/arm-none-eabi/11.3.1/../../../../arm-none-eabi/lib/thumb/v7e-m+fp/hard\libnosys.a
END GROUP
LOAD D:/ST/STM32CubeIDE_1.14.0/STM32CubeIDE/plugins/com.st.stm32cube.ide.mcu.externaltools.gnu-tools-for-stm32.11.3.rel1.win32_1.1.100.202309141235/tools/bin/../lib/gcc/arm-none-eabi/11.3.1/thumb/v7e-m+fp/hard/crtend.o
LOAD D:/ST/STM32CubeIDE_1.14.0/STM32CubeIDE/plugins/com.st.stm32cube.ide.mcu.externaltools.gnu-tools-for-stm32.11.3.rel1.win32_1.1.100.202309141235/tools/bin/../lib/gcc/arm-none-eabi/11.3.1/thumb/v7e-m+fp/hard/crtn.o
                0x0000000020050000                _estack = (ORIGIN (RAM) + LENGTH (RAM))
                0x0000000000000200                _Min_Heap_Size = 0x200
                0x0000000000000400                _Min_Stack_Size = 0x400

.isr_vector     0x0000000008000000      0x1ac
                0x0000000008000000                . = ALIGN (0x4)
 *(.isr_vector)
 .isr_vector    0x0000000008000000      0x1ac ./Core/Startup/startup_stm32l496zgtx.o
                0x0000000008000000                g_pfnVectors
                0x00000000080001ac                . = ALIGN (0x4)

.text           0x00000000080001b0     0xe5a8
                0x00000000080001b0                . = ALIGN (0x4)
 *(.text)
 .text          0x00000000080001b0       0x40 D:/ST/STM32CubeIDE_1.14.0/STM32CubeIDE/plugins/com.st.stm32cube.ide.mcu.externaltools.gnu-tools-for-stm32.11.3.rel1.win32_1.1.100.202309141235/tools/bin/../lib/gcc/arm-none-eabi/11.3.1/thumb/v7e-m+fp/hard/crtbegin.o
 .text          0x00000000080001f0       0xa0 D:/ST/STM32CubeIDE_1.14.0/STM32CubeIDE/plugins/com.st.stm32cube.ide.mcu.externaltools.gnu-tools-for-stm32.11.3.rel1.win32_1.1.100.202309141235/tools/bin/../lib/gcc/arm-none-eabi/11.3.1/../../../../arm-none-eabi/lib/thumb/v7e-m+fp/hard\libc_nano.a(libc_a-memchr.o)
                0x00000000080001f0                memchr
 .text          0x0000000008000290       0x10 D:/ST/STM32CubeIDE_1.14.0/STM32CubeIDE/plugins/com.st.stm32cube.ide.mcu.externaltools.gnu-tools-for-stm32.11.3.rel1.win32_1.1.100.202309141235/tools/bin/../lib/gcc/arm-none-eabi/11.3.1/../../../../arm-none-eabi/lib/thumb/v7e-m+fp/hard\libc_nano.a(libc_a-strlen.o)
                0x0000000008000290                strlen
 .text          0x00000000080002a0      0x378 D:/ST/STM32CubeIDE_1.14.0/STM32CubeIDE/plugins/com.st.stm32cube.ide.mcu.externaltools.gnu-tools-for-stm32.11.3.rel1.win32_1.1.100.202309141235/tools/bin/../lib/gcc/arm-none-eabi/11.3.1/thumb/v7e-m+fp/hard\libgcc.a(_arm_addsubdf3.o)
                0x00000000080002a0                __aeabi_drsub
                0x00000000080002a8                __aeabi_dsub
                0x00000000080002a8                __subdf3
                0x00000000080002ac                __aeabi_dadd
                0x00000000080002ac                __adddf3
                0x0000000008000524                __floatunsidf
                0x0000000008000524                __aeabi_ui2d
                0x0000000008000544                __floatsidf
                0x0000000008000544                __aeabi_i2d
                0x0000000008000568                __aeabi_f2d
                0x0000000008000568                __extendsfdf2
                0x00000000080005ac                __floatundidf
                0x00000000080005ac                __aeabi_ul2d
                0x00000000080005bc                __floatdidf
                0x00000000080005bc                __aeabi_l2d
 .text          0x0000000008000618      0x424 D:/ST/STM32CubeIDE_1.14.0/STM32CubeIDE/plugins/com.st.stm32cube.ide.mcu.externaltools.gnu-tools-for-stm32.11.3.rel1.win32_1.1.100.202309141235/tools/bin/../lib/gcc/arm-none-eabi/11.3.1/thumb/v7e-m+fp/hard\libgcc.a(_arm_muldivdf3.o)
                0x0000000008000618                __aeabi_dmul
                0x0000000008000618                __muldf3
                0x000000000800086c                __divdf3
                0x000000000800086c                __aeabi_ddiv
 .text          0x0000000008000a3c      0x110 D:/ST/STM32CubeIDE_1.14.0/STM32CubeIDE/plugins/com.st.stm32cube.ide.mcu.externaltools.gnu-tools-for-stm32.11.3.rel1.win32_1.1.100.202309141235/tools/bin/../lib/gcc/arm-none-eabi/11.3.1/thumb/v7e-m+fp/hard\libgcc.a(_arm_cmpdf2.o)
                0x0000000008000a3c                __gtdf2
                0x0000000008000a3c                __gedf2
                0x0000000008000a44                __ltdf2
                0x0000000008000a44                __ledf2
                0x0000000008000a4c                __nedf2
                0x0000000008000a4c                __eqdf2
                0x0000000008000a4c                __cmpdf2
                0x0000000008000ac8                __aeabi_cdrcmple
                0x0000000008000ad8                __aeabi_cdcmpeq
                0x0000000008000ad8                __aeabi_cdcmple
                0x0000000008000ae8                __aeabi_dcmpeq
                0x0000000008000afc                __aeabi_dcmplt
                0x0000000008000b10                __aeabi_dcmple
                0x0000000008000b24                __aeabi_dcmpge
                0x0000000008000b38                __aeabi_dcmpgt
 .text          0x0000000008000b4c       0x2c D:/ST/STM32CubeIDE_1.14.0/STM32CubeIDE/plugins/com.st.stm32cube.ide.mcu.externaltools.gnu-tools-for-stm32.11.3.rel1.win32_1.1.100.202309141235/tools/bin/../lib/gcc/arm-none-eabi/11.3.1/thumb/v7e-m+fp/hard\libgcc.a(_arm_unorddf2.o)
                0x0000000008000b4c                __unorddf2
                0x0000000008000b4c                __aeabi_dcmpun
 .text          0x0000000008000b78       0x50 D:/ST/STM32CubeIDE_1.14.0/STM32CubeIDE/plugins/com.st.stm32cube.ide.mcu.externaltools.gnu-tools-for-stm32.11.3.rel1.win32_1.1.100.202309141235/tools/bin/../lib/gcc/arm-none-eabi/11.3.1/thumb/v7e-m+fp/hard\libgcc.a(_arm_fixdfsi.o)
                0x0000000008000b78                __aeabi_d2iz
                0x0000000008000b78                __fixdfsi
 .text          0x0000000008000bc8       0xa0 D:/ST/STM32CubeIDE_1.14.0/STM32CubeIDE/plugins/com.st.stm32cube.ide.mcu.externaltools.gnu-tools-for-stm32.11.3.rel1.win32_1.1.100.202309141235/tools/bin/../lib/gcc/arm-none-eabi/11.3.1/thumb/v7e-m+fp/hard\libgcc.a(_arm_truncdfsf2.o)
                0x0000000008000bc8                __truncdfsf2
                0x0000000008000bc8                __aeabi_d2f
 .text          0x0000000008000c68       0x30 D:/ST/STM32CubeIDE_1.14.0/STM32CubeIDE/plugins/com.st.stm32cube.ide.mcu.externaltools.gnu-tools-for-stm32.11.3.rel1.win32_1.1.100.202309141235/tools/bin/../lib/gcc/arm-none-eabi/11.3.1/thumb/v7e-m+fp/hard\libgcc.a(_aeabi_uldivmod.o)
                0x0000000008000c68                __aeabi_uldivmod
 .text          0x0000000008000c98      0x2c8 D:/ST/STM32CubeIDE_1.14.0/STM32CubeIDE/plugins/com.st.stm32cube.ide.mcu.externaltools.gnu-tools-for-stm32.11.3.rel1.win32_1.1.100.202309141235/tools/bin/../lib/gcc/arm-none-eabi/11.3.1/thumb/v7e-m+fp/hard\libgcc.a(_udivmoddi4.o)
                0x0000000008000c98                __udivmoddi4
 .text          0x0000000008000f60        0x4 D:/ST/STM32CubeIDE_1.14.0/STM32CubeIDE/plugins/com.st.stm32cube.ide.mcu.externaltools.gnu-tools-for-stm32.11.3.rel1.win32_1.1.100.202309141235/tools/bin/../lib/gcc/arm-none-eabi/11.3.1/thumb/v7e-m+fp/hard\libgcc.a(_dvmd_tls.o)
                0x0000000008000f60                __aeabi_idiv0
                0x0000000008000f60                __aeabi_ldiv0
 *(.text*)
 .text.DWT_Delay_Init
                0x0000000008000f64       0x60 ./Core/Src/dwt_stm32_delay.o
                0x0000000008000f64                DWT_Delay_Init
 .text.lsm9ds1_read_reg
                0x0000000008000fc4       0x30 ./Core/Src/lsm9ds1_driver.o
                0x0000000008000fc4                lsm9ds1_read_reg
 .text.lsm9ds1_write_reg
                0x0000000008000ff4       0x30 ./Core/Src/lsm9ds1_driver.o
                0x0000000008000ff4                lsm9ds1_write_reg
 .text.lsm9ds1_from_fs4g_to_mg
                0x0000000008001024       0x30 ./Core/Src/lsm9ds1_driver.o
                0x0000000008001024                lsm9ds1_from_fs4g_to_mg
 .text.lsm9ds1_from_fs2000dps_to_mdps
                0x0000000008001054       0x30 ./Core/Src/lsm9ds1_driver.o
                0x0000000008001054                lsm9ds1_from_fs2000dps_to_mdps
 .text.lsm9ds1_from_fs16gauss_to_mG
                0x0000000008001084       0x30 ./Core/Src/lsm9ds1_driver.o
                0x0000000008001084                lsm9ds1_from_fs16gauss_to_mG
 .text.lsm9ds1_gy_full_scale_set
                0x00000000080010b4       0x4c ./Core/Src/lsm9ds1_driver.o
                0x00000000080010b4                lsm9ds1_gy_full_scale_set
 .text.lsm9ds1_imu_data_rate_set
                0x0000000008001100       0xca ./Core/Src/lsm9ds1_driver.o
                0x0000000008001100                lsm9ds1_imu_data_rate_set
 .text.lsm9ds1_xl_full_scale_set
                0x00000000080011ca       0x4c ./Core/Src/lsm9ds1_driver.o
                0x00000000080011ca                lsm9ds1_xl_full_scale_set
 .text.lsm9ds1_block_data_update_set
                0x0000000008001216       0x9e ./Core/Src/lsm9ds1_driver.o
                0x0000000008001216                lsm9ds1_block_data_update_set
 .text.lsm9ds1_mag_data_rate_set
                0x00000000080012b4       0xf6 ./Core/Src/lsm9ds1_driver.o
                0x00000000080012b4                lsm9ds1_mag_data_rate_set
 .text.lsm9ds1_mag_full_scale_set
                0x00000000080013aa       0x4c ./Core/Src/lsm9ds1_driver.o
                0x00000000080013aa                lsm9ds1_mag_full_scale_set
 .text.lsm9ds1_angular_rate_raw_get
                0x00000000080013f6       0x96 ./Core/Src/lsm9ds1_driver.o
                0x00000000080013f6                lsm9ds1_angular_rate_raw_get
 .text.lsm9ds1_acceleration_raw_get
                0x000000000800148c       0x96 ./Core/Src/lsm9ds1_driver.o
                0x000000000800148c                lsm9ds1_acceleration_raw_get
 .text.lsm9ds1_magnetic_raw_get
                0x0000000008001522       0x96 ./Core/Src/lsm9ds1_driver.o
                0x0000000008001522                lsm9ds1_magnetic_raw_get
 .text.lsm9ds1_dev_id_get
                0x00000000080015b8       0x3a ./Core/Src/lsm9ds1_driver.o
                0x00000000080015b8                lsm9ds1_dev_id_get
 .text.lsm9ds1_dev_status_get
                0x00000000080015f2       0x3a ./Core/Src/lsm9ds1_driver.o
                0x00000000080015f2                lsm9ds1_dev_status_get
 .text.lsm9ds1_dev_reset_set
                0x000000000800162c       0x8a ./Core/Src/lsm9ds1_driver.o
                0x000000000800162c                lsm9ds1_dev_reset_set
 .text.lsm9ds1_gy_filter_lp_bandwidth_set
                0x00000000080016b6       0x4c ./Core/Src/lsm9ds1_driver.o
                0x00000000080016b6                lsm9ds1_gy_filter_lp_bandwidth_set
 .text.lsm9ds1_gy_filter_out_path_set
                0x0000000008001702       0x8a ./Core/Src/lsm9ds1_driver.o
                0x0000000008001702                lsm9ds1_gy_filter_out_path_set
 .text.lsm9ds1_gy_filter_hp_bandwidth_set
                0x000000000800178c       0x4c ./Core/Src/lsm9ds1_driver.o
                0x000000000800178c                lsm9ds1_gy_filter_hp_bandwidth_set
 .text.lsm9ds1_xl_filter_aalias_bandwidth_set
                0x00000000080017d8       0x5e ./Core/Src/lsm9ds1_driver.o
                0x00000000080017d8                lsm9ds1_xl_filter_aalias_bandwidth_set
 .text.lsm9ds1_xl_filter_out_path_set
                0x0000000008001836       0x4c ./Core/Src/lsm9ds1_driver.o
                0x0000000008001836                lsm9ds1_xl_filter_out_path_set
 .text.lsm9ds1_xl_filter_lp_bandwidth_set
                0x0000000008001882       0x5e ./Core/Src/lsm9ds1_driver.o
                0x0000000008001882                lsm9ds1_xl_filter_lp_bandwidth_set
 .text.main     0x00000000080018e0       0xac ./Core/Src/main.o
                0x00000000080018e0                main
 .text.SystemClock_Config
                0x000000000800198c       0xa6 ./Core/Src/main.o
                0x000000000800198c                SystemClock_Config
 *fill*         0x0000000008001a32        0x2 
 .text.MX_I2C1_Init
                0x0000000008001a34       0x80 ./Core/Src/main.o
 .text.MX_LPUART1_UART_Init
                0x0000000008001ab4       0x58 ./Core/Src/main.o
 .text.MX_SPI1_Init
                0x0000000008001b0c       0x70 ./Core/Src/main.o
 .text.MX_DMA_Init
                0x0000000008001b7c       0x3c ./Core/Src/main.o
 .text.MX_GPIO_Init
                0x0000000008001bb8      0x1c4 ./Core/Src/main.o
 .text.StartConsoleTask
                0x0000000008001d7c       0xa4 ./Core/Src/main.o
                0x0000000008001d7c                StartConsoleTask
 .text.StartIMUTask
                0x0000000008001e20      0x2a0 ./Core/Src/main.o
                0x0000000008001e20                StartIMUTask
 .text.stm32l4_write_imu
                0x00000000080020c0       0x44 ./Core/Src/main.o
 .text.stm32l4_read_imu
                0x0000000008002104       0x44 ./Core/Src/main.o
 .text.stm32l4_write_mag
                0x0000000008002148       0x4c ./Core/Src/main.o
 .text.stm32l4_read_mag
                0x0000000008002194       0x4c ./Core/Src/main.o
 .text.sendUART
                0x00000000080021e0       0x24 ./Core/Src/main.o
                0x00000000080021e0                sendUART
 .text.StartRFTask
                0x0000000008002204       0x88 ./Core/Src/main.o
                0x0000000008002204                StartRFTask
 .text.transmit_demo
                0x000000000800228c       0xe8 ./Core/Src/main.o
                0x000000000800228c                transmit_demo
 .text.HAL_TIM_PeriodElapsedCallback
                0x0000000008002374       0x24 ./Core/Src/main.o
                0x0000000008002374                HAL_TIM_PeriodElapsedCallback
 .text.Error_Handler
                0x0000000008002398        0xa ./Core/Src/main.o
                0x0000000008002398                Error_Handler
 *fill*         0x00000000080023a2        0x2 
 .text.DWT_Delay_us
                0x00000000080023a4       0x48 ./Core/Src/rf_driver.o
 .text.rf_begin
                0x00000000080023ec       0x8c ./Core/Src/rf_driver.o
                0x00000000080023ec                rf_begin
 .text.rf_reset
                0x0000000008002478       0x4c ./Core/Src/rf_driver.o
                0x0000000008002478                rf_reset
 .text.rf_check
                0x00000000080024c4       0x58 ./Core/Src/rf_driver.o
                0x00000000080024c4                rf_check
 .text.rf_set_modulation_mode
                0x000000000800251c       0x84 ./Core/Src/rf_driver.o
                0x000000000800251c                rf_set_modulation_mode
 .text.rf_set_ISMband
                0x00000000080025a0       0xc4 ./Core/Src/rf_driver.o
                0x00000000080025a0                rf_set_ISMband
 .text.rf_set_channel
                0x0000000008002664       0x1c ./Core/Src/rf_driver.o
                0x0000000008002664                rf_set_channel
 .text.rf_set_output_power_level
                0x0000000008002680       0x96 ./Core/Src/rf_driver.o
                0x0000000008002680                rf_set_output_power_level
 *fill*         0x0000000008002716        0x2 
 .text.rf_set_carrier_offset
                0x0000000008002718       0x54 ./Core/Src/rf_driver.o
                0x0000000008002718                rf_set_carrier_offset
 *fill*         0x000000000800276c        0x4 
 .text.rf_set_carrier_frequency
                0x0000000008002770       0xf8 ./Core/Src/rf_driver.o
                0x0000000008002770                rf_set_carrier_frequency
 .text.rf_sidle
                0x0000000008002868       0x30 ./Core/Src/rf_driver.o
                0x0000000008002868                rf_sidle
 .text._keep_transmiting_data
                0x0000000008002898       0xc8 ./Core/Src/rf_driver.o
                0x0000000008002898                _keep_transmiting_data
 .text.send_frame
                0x0000000008002960      0x1b4 ./Core/Src/rf_driver.o
                0x0000000008002960                send_frame
 .text.rf_write_strobe
                0x0000000008002b14       0x22 ./Core/Src/rf_driver.o
                0x0000000008002b14                rf_write_strobe
 .text.rf_read_register
                0x0000000008002b36       0x2c ./Core/Src/rf_driver.o
                0x0000000008002b36                rf_read_register
 .text.rf_write_register
                0x0000000008002b62       0x28 ./Core/Src/rf_driver.o
                0x0000000008002b62                rf_write_register
 .text.rf_write_data
                0x0000000008002b8a       0x3c ./Core/Src/rf_driver.o
                0x0000000008002b8a                rf_write_data
 *fill*         0x0000000008002bc6        0x2 
 .text.__spi_write
                0x0000000008002bc8       0x78 ./Core/Src/rf_driver.o
                0x0000000008002bc8                __spi_write
 .text.__spi_read
                0x0000000008002c40       0x6c ./Core/Src/rf_driver.o
                0x0000000008002c40                __spi_read
 .text.HAL_GPIO_EXTI_Callback
                0x0000000008002cac       0x30 ./Core/Src/rf_driver.o
                0x0000000008002cac                HAL_GPIO_EXTI_Callback
 .text.HAL_MspInit
                0x0000000008002cdc       0x50 ./Core/Src/stm32l4xx_hal_msp.o
                0x0000000008002cdc                HAL_MspInit
 .text.HAL_I2C_MspInit
                0x0000000008002d2c       0xcc ./Core/Src/stm32l4xx_hal_msp.o
                0x0000000008002d2c                HAL_I2C_MspInit
 .text.HAL_UART_MspInit
                0x0000000008002df8      0x12c ./Core/Src/stm32l4xx_hal_msp.o
                0x0000000008002df8                HAL_UART_MspInit
 .text.HAL_SPI_MspInit
                0x0000000008002f24       0x84 ./Core/Src/stm32l4xx_hal_msp.o
                0x0000000008002f24                HAL_SPI_MspInit
 .text.HAL_InitTick
                0x0000000008002fa8       0xf4 ./Core/Src/stm32l4xx_hal_timebase_tim.o
                0x0000000008002fa8                HAL_InitTick
 .text.NMI_Handler
                0x000000000800309c        0x6 ./Core/Src/stm32l4xx_it.o
                0x000000000800309c                NMI_Handler
 .text.HardFault_Handler
                0x00000000080030a2        0x6 ./Core/Src/stm32l4xx_it.o
                0x00000000080030a2                HardFault_Handler
 .text.MemManage_Handler
                0x00000000080030a8        0x6 ./Core/Src/stm32l4xx_it.o
                0x00000000080030a8                MemManage_Handler
 .text.BusFault_Handler
                0x00000000080030ae        0x6 ./Core/Src/stm32l4xx_it.o
                0x00000000080030ae                BusFault_Handler
 .text.UsageFault_Handler
                0x00000000080030b4        0x6 ./Core/Src/stm32l4xx_it.o
                0x00000000080030b4                UsageFault_Handler
 .text.DebugMon_Handler
                0x00000000080030ba        0xe ./Core/Src/stm32l4xx_it.o
                0x00000000080030ba                DebugMon_Handler
 .text.I2C1_EV_IRQHandler
                0x00000000080030c8       0x14 ./Core/Src/stm32l4xx_it.o
                0x00000000080030c8                I2C1_EV_IRQHandler
 .text.EXTI15_10_IRQHandler
                0x00000000080030dc       0x18 ./Core/Src/stm32l4xx_it.o
                0x00000000080030dc                EXTI15_10_IRQHandler
 .text.TIM7_IRQHandler
                0x00000000080030f4       0x14 ./Core/Src/stm32l4xx_it.o
                0x00000000080030f4                TIM7_IRQHandler
 .text.DMA2_Channel7_IRQHandler
                0x0000000008003108       0x14 ./Core/Src/stm32l4xx_it.o
                0x0000000008003108                DMA2_Channel7_IRQHandler
 .text.LPUART1_IRQHandler
                0x000000000800311c       0x14 ./Core/Src/stm32l4xx_it.o
                0x000000000800311c                LPUART1_IRQHandler
 .text._getpid  0x0000000008003130       0x10 ./Core/Src/syscalls.o
                0x0000000008003130                _getpid
 .text._kill    0x0000000008003140       0x20 ./Core/Src/syscalls.o
                0x0000000008003140                _kill
 .text._exit    0x0000000008003160       0x14 ./Core/Src/syscalls.o
                0x0000000008003160                _exit
 .text._read    0x0000000008003174       0x3a ./Core/Src/syscalls.o
                0x0000000008003174                _read
 .text._write   0x00000000080031ae       0x38 ./Core/Src/syscalls.o
                0x00000000080031ae                _write
 .text._close   0x00000000080031e6       0x18 ./Core/Src/syscalls.o
                0x00000000080031e6                _close
 .text._fstat   0x00000000080031fe       0x20 ./Core/Src/syscalls.o
                0x00000000080031fe                _fstat
 .text._isatty  0x000000000800321e       0x16 ./Core/Src/syscalls.o
                0x000000000800321e                _isatty
 .text._lseek   0x0000000008003234       0x1a ./Core/Src/syscalls.o
                0x0000000008003234                _lseek
 *fill*         0x000000000800324e        0x2 
 .text._sbrk    0x0000000008003250       0x6c ./Core/Src/sysmem.o
                0x0000000008003250                _sbrk
 .text.SystemInit
                0x00000000080032bc       0x24 ./Core/Src/system_stm32l4xx.o
                0x00000000080032bc                SystemInit
 .text.Reset_Handler
                0x00000000080032e0       0x50 ./Core/Startup/startup_stm32l496zgtx.o
                0x00000000080032e0                Reset_Handler
 .text.Default_Handler
                0x0000000008003330        0x2 ./Core/Startup/startup_stm32l496zgtx.o
                0x0000000008003330                RTC_Alarm_IRQHandler
                0x0000000008003330                EXTI2_IRQHandler
                0x0000000008003330                TIM8_TRG_COM_IRQHandler
                0x0000000008003330                TIM8_CC_IRQHandler
                0x0000000008003330                TIM1_CC_IRQHandler
                0x0000000008003330                TSC_IRQHandler
                0x0000000008003330                TAMP_STAMP_IRQHandler
                0x0000000008003330                CAN2_RX1_IRQHandler
                0x0000000008003330                EXTI3_IRQHandler
                0x0000000008003330                LPTIM2_IRQHandler
                0x0000000008003330                DFSDM1_FLT1_IRQHandler
                0x0000000008003330                I2C3_ER_IRQHandler
                0x0000000008003330                DFSDM1_FLT2_IRQHandler
                0x0000000008003330                EXTI0_IRQHandler
                0x0000000008003330                I2C2_EV_IRQHandler
                0x0000000008003330                CAN1_RX0_IRQHandler
                0x0000000008003330                FPU_IRQHandler
                0x0000000008003330                TIM1_UP_TIM16_IRQHandler
                0x0000000008003330                CAN2_SCE_IRQHandler
                0x0000000008003330                ADC1_2_IRQHandler
                0x0000000008003330                SPI1_IRQHandler
                0x0000000008003330                TIM6_DAC_IRQHandler
                0x0000000008003330                DCMI_IRQHandler
                0x0000000008003330                CAN2_RX0_IRQHandler
                0x0000000008003330                TIM8_UP_IRQHandler
                0x0000000008003330                DMA2_Channel2_IRQHandler
                0x0000000008003330                DMA1_Channel4_IRQHandler
                0x0000000008003330                SAI2_IRQHandler
                0x0000000008003330                DFSDM1_FLT3_IRQHandler
                0x0000000008003330                USART3_IRQHandler
                0x0000000008003330                DMA1_Channel7_IRQHandler
                0x0000000008003330                CAN1_RX1_IRQHandler
                0x0000000008003330                LCD_IRQHandler
                0x0000000008003330                UART5_IRQHandler
                0x0000000008003330                ADC3_IRQHandler
                0x0000000008003330                TIM4_IRQHandler
                0x0000000008003330                DMA2_Channel1_IRQHandler
                0x0000000008003330                QUADSPI_IRQHandler
                0x0000000008003330                DMA1_Channel6_IRQHandler
                0x0000000008003330                UART4_IRQHandler
                0x0000000008003330                DMA2_Channel4_IRQHandler
                0x0000000008003330                TIM3_IRQHandler
                0x0000000008003330                RCC_IRQHandler
                0x0000000008003330                DMA1_Channel1_IRQHandler
                0x0000000008003330                Default_Handler
                0x0000000008003330                SDMMC1_IRQHandler
                0x0000000008003330                CAN2_TX_IRQHandler
                0x0000000008003330                TIM5_IRQHandler
                0x0000000008003330                I2C3_EV_IRQHandler
                0x0000000008003330                EXTI9_5_IRQHandler
                0x0000000008003330                RTC_WKUP_IRQHandler
                0x0000000008003330                PVD_PVM_IRQHandler
                0x0000000008003330                SPI2_IRQHandler
                0x0000000008003330                CAN1_TX_IRQHandler
                0x0000000008003330                DMA2_Channel5_IRQHandler
                0x0000000008003330                CRS_IRQHandler
                0x0000000008003330                DMA1_Channel5_IRQHandler
                0x0000000008003330                EXTI4_IRQHandler
                0x0000000008003330                RNG_IRQHandler
                0x0000000008003330                TIM1_TRG_COM_TIM17_IRQHandler
                0x0000000008003330                DMA1_Channel3_IRQHandler
                0x0000000008003330                COMP_IRQHandler
                0x0000000008003330                WWDG_IRQHandler
                0x0000000008003330                I2C4_EV_IRQHandler
                0x0000000008003330                DMA2_Channel6_IRQHandler
                0x0000000008003330                TIM2_IRQHandler
                0x0000000008003330                EXTI1_IRQHandler
                0x0000000008003330                USART2_IRQHandler
                0x0000000008003330                DFSDM1_FLT0_IRQHandler
                0x0000000008003330                I2C2_ER_IRQHandler
                0x0000000008003330                DMA1_Channel2_IRQHandler
                0x0000000008003330                TIM8_BRK_IRQHandler
                0x0000000008003330                CAN1_SCE_IRQHandler
                0x0000000008003330                FLASH_IRQHandler
                0x0000000008003330                USART1_IRQHandler
                0x0000000008003330                OTG_FS_IRQHandler
                0x0000000008003330                SPI3_IRQHandler
                0x0000000008003330                I2C1_ER_IRQHandler
                0x0000000008003330                FMC_IRQHandler
                0x0000000008003330                SWPMI1_IRQHandler
                0x0000000008003330                LPTIM1_IRQHandler
                0x0000000008003330                I2C4_ER_IRQHandler
                0x0000000008003330                SAI1_IRQHandler
                0x0000000008003330                DMA2_Channel3_IRQHandler
                0x0000000008003330                TIM1_BRK_TIM15_IRQHandler
 .text.HAL_Init
                0x0000000008003332       0x30 ./Drivers/STM32L4xx_HAL_Driver/Src/stm32l4xx_hal.o
                0x0000000008003332                HAL_Init
 *fill*         0x0000000008003362        0x2 
 .text.HAL_IncTick
                0x0000000008003364       0x28 ./Drivers/STM32L4xx_HAL_Driver/Src/stm32l4xx_hal.o
                0x0000000008003364                HAL_IncTick
 .text.HAL_GetTick
                0x000000000800338c       0x18 ./Drivers/STM32L4xx_HAL_Driver/Src/stm32l4xx_hal.o
                0x000000000800338c                HAL_GetTick
 .text.HAL_Delay
                0x00000000080033a4       0x48 ./Drivers/STM32L4xx_HAL_Driver/Src/stm32l4xx_hal.o
                0x00000000080033a4                HAL_Delay
 .text.__NVIC_SetPriorityGrouping
                0x00000000080033ec       0x48 ./Drivers/STM32L4xx_HAL_Driver/Src/stm32l4xx_hal_cortex.o
 .text.__NVIC_GetPriorityGrouping
                0x0000000008003434       0x1c ./Drivers/STM32L4xx_HAL_Driver/Src/stm32l4xx_hal_cortex.o
 .text.__NVIC_EnableIRQ
                0x0000000008003450       0x3c ./Drivers/STM32L4xx_HAL_Driver/Src/stm32l4xx_hal_cortex.o
 .text.__NVIC_SetPriority
                0x000000000800348c       0x54 ./Drivers/STM32L4xx_HAL_Driver/Src/stm32l4xx_hal_cortex.o
 .text.NVIC_EncodePriority
                0x00000000080034e0       0x66 ./Drivers/STM32L4xx_HAL_Driver/Src/stm32l4xx_hal_cortex.o
 .text.HAL_NVIC_SetPriorityGrouping
                0x0000000008003546       0x16 ./Drivers/STM32L4xx_HAL_Driver/Src/stm32l4xx_hal_cortex.o
                0x0000000008003546                HAL_NVIC_SetPriorityGrouping
 .text.HAL_NVIC_SetPriority
                0x000000000800355c       0x38 ./Drivers/STM32L4xx_HAL_Driver/Src/stm32l4xx_hal_cortex.o
                0x000000000800355c                HAL_NVIC_SetPriority
 .text.HAL_NVIC_EnableIRQ
                0x0000000008003594       0x1c ./Drivers/STM32L4xx_HAL_Driver/Src/stm32l4xx_hal_cortex.o
                0x0000000008003594                HAL_NVIC_EnableIRQ
 .text.HAL_DMA_Init
                0x00000000080035b0      0x170 ./Drivers/STM32L4xx_HAL_Driver/Src/stm32l4xx_hal_dma.o
                0x00000000080035b0                HAL_DMA_Init
 .text.HAL_DMA_Abort
                0x0000000008003720       0x7c ./Drivers/STM32L4xx_HAL_Driver/Src/stm32l4xx_hal_dma.o
                0x0000000008003720                HAL_DMA_Abort
 .text.HAL_DMA_Abort_IT
                0x000000000800379c       0x82 ./Drivers/STM32L4xx_HAL_Driver/Src/stm32l4xx_hal_dma.o
                0x000000000800379c                HAL_DMA_Abort_IT
 .text.HAL_DMA_IRQHandler
                0x000000000800381e      0x15e ./Drivers/STM32L4xx_HAL_Driver/Src/stm32l4xx_hal_dma.o
                0x000000000800381e                HAL_DMA_IRQHandler
 .text.HAL_GPIO_Init
                0x000000000800397c      0x324 ./Drivers/STM32L4xx_HAL_Driver/Src/stm32l4xx_hal_gpio.o
                0x000000000800397c                HAL_GPIO_Init
 .text.HAL_GPIO_WritePin
                0x0000000008003ca0       0x30 ./Drivers/STM32L4xx_HAL_Driver/Src/stm32l4xx_hal_gpio.o
                0x0000000008003ca0                HAL_GPIO_WritePin
 .text.HAL_GPIO_TogglePin
                0x0000000008003cd0       0x34 ./Drivers/STM32L4xx_HAL_Driver/Src/stm32l4xx_hal_gpio.o
                0x0000000008003cd0                HAL_GPIO_TogglePin
 .text.HAL_GPIO_EXTI_IRQHandler
                0x0000000008003d04       0x30 ./Drivers/STM32L4xx_HAL_Driver/Src/stm32l4xx_hal_gpio.o
                0x0000000008003d04                HAL_GPIO_EXTI_IRQHandler
 .text.HAL_I2C_Init
                0x0000000008003d34      0x136 ./Drivers/STM32L4xx_HAL_Driver/Src/stm32l4xx_hal_i2c.o
                0x0000000008003d34                HAL_I2C_Init
 *fill*         0x0000000008003e6a        0x2 
 .text.HAL_I2C_Mem_Write
                0x0000000008003e6c      0x228 ./Drivers/STM32L4xx_HAL_Driver/Src/stm32l4xx_hal_i2c.o
                0x0000000008003e6c                HAL_I2C_Mem_Write
 .text.HAL_I2C_Mem_Read
                0x0000000008004094      0x234 ./Drivers/STM32L4xx_HAL_Driver/Src/stm32l4xx_hal_i2c.o
                0x0000000008004094                HAL_I2C_Mem_Read
 .text.HAL_I2C_EV_IRQHandler
                0x00000000080042c8       0x34 ./Drivers/STM32L4xx_HAL_Driver/Src/stm32l4xx_hal_i2c.o
                0x00000000080042c8                HAL_I2C_EV_IRQHandler
 .text.I2C_RequestMemoryWrite
                0x00000000080042fc       0xa8 ./Drivers/STM32L4xx_HAL_Driver/Src/stm32l4xx_hal_i2c.o
 .text.I2C_RequestMemoryRead
                0x00000000080043a4       0xa8 ./Drivers/STM32L4xx_HAL_Driver/Src/stm32l4xx_hal_i2c.o
 .text.I2C_Flush_TXDR
                0x000000000800444c       0x48 ./Drivers/STM32L4xx_HAL_Driver/Src/stm32l4xx_hal_i2c.o
 .text.I2C_WaitOnFlagUntilTimeout
                0x0000000008004494       0x9e ./Drivers/STM32L4xx_HAL_Driver/Src/stm32l4xx_hal_i2c.o
 .text.I2C_WaitOnTXISFlagUntilTimeout
                0x0000000008004532       0x8e ./Drivers/STM32L4xx_HAL_Driver/Src/stm32l4xx_hal_i2c.o
 .text.I2C_WaitOnSTOPFlagUntilTimeout
                0x00000000080045c0       0x86 ./Drivers/STM32L4xx_HAL_Driver/Src/stm32l4xx_hal_i2c.o
 *fill*         0x0000000008004646        0x2 
 .text.I2C_IsErrorOccurred
                0x0000000008004648      0x1c0 ./Drivers/STM32L4xx_HAL_Driver/Src/stm32l4xx_hal_i2c.o
 .text.I2C_TransferConfig
                0x0000000008004808       0x64 ./Drivers/STM32L4xx_HAL_Driver/Src/stm32l4xx_hal_i2c.o
 .text.HAL_I2CEx_ConfigAnalogFilter
                0x000000000800486c       0x96 ./Drivers/STM32L4xx_HAL_Driver/Src/stm32l4xx_hal_i2c_ex.o
                0x000000000800486c                HAL_I2CEx_ConfigAnalogFilter
 .text.HAL_I2CEx_ConfigDigitalFilter
                0x0000000008004902       0x98 ./Drivers/STM32L4xx_HAL_Driver/Src/stm32l4xx_hal_i2c_ex.o
                0x0000000008004902                HAL_I2CEx_ConfigDigitalFilter
 *fill*         0x000000000800499a        0x2 
 .text.HAL_PWREx_GetVoltageRange
                0x000000000800499c       0x1c ./Drivers/STM32L4xx_HAL_Driver/Src/stm32l4xx_hal_pwr_ex.o
                0x000000000800499c                HAL_PWREx_GetVoltageRange
 .text.HAL_PWREx_ControlVoltageScaling
                0x00000000080049b8       0xac ./Drivers/STM32L4xx_HAL_Driver/Src/stm32l4xx_hal_pwr_ex.o
                0x00000000080049b8                HAL_PWREx_ControlVoltageScaling
 .text.HAL_PWREx_EnableVddIO2
                0x0000000008004a64       0x20 ./Drivers/STM32L4xx_HAL_Driver/Src/stm32l4xx_hal_pwr_ex.o
                0x0000000008004a64                HAL_PWREx_EnableVddIO2
 .text.HAL_RCC_OscConfig
                0x0000000008004a84      0x834 ./Drivers/STM32L4xx_HAL_Driver/Src/stm32l4xx_hal_rcc.o
                0x0000000008004a84                HAL_RCC_OscConfig
 .text.HAL_RCC_ClockConfig
                0x00000000080052b8      0x200 ./Drivers/STM32L4xx_HAL_Driver/Src/stm32l4xx_hal_rcc.o
                0x00000000080052b8                HAL_RCC_ClockConfig
 .text.HAL_RCC_GetSysClockFreq
                0x00000000080054b8      0x118 ./Drivers/STM32L4xx_HAL_Driver/Src/stm32l4xx_hal_rcc.o
                0x00000000080054b8                HAL_RCC_GetSysClockFreq
 .text.HAL_RCC_GetHCLKFreq
                0x00000000080055d0       0x18 ./Drivers/STM32L4xx_HAL_Driver/Src/stm32l4xx_hal_rcc.o
                0x00000000080055d0                HAL_RCC_GetHCLKFreq
 .text.HAL_RCC_GetPCLK1Freq
                0x00000000080055e8       0x2c ./Drivers/STM32L4xx_HAL_Driver/Src/stm32l4xx_hal_rcc.o
                0x00000000080055e8                HAL_RCC_GetPCLK1Freq
 .text.HAL_RCC_GetPCLK2Freq
                0x0000000008005614       0x2c ./Drivers/STM32L4xx_HAL_Driver/Src/stm32l4xx_hal_rcc.o
                0x0000000008005614                HAL_RCC_GetPCLK2Freq
 .text.HAL_RCC_GetClockConfig
                0x0000000008005640       0x64 ./Drivers/STM32L4xx_HAL_Driver/Src/stm32l4xx_hal_rcc.o
                0x0000000008005640                HAL_RCC_GetClockConfig
 .text.RCC_SetFlashLatencyFromMSIRange
                0x00000000080056a4       0xc0 ./Drivers/STM32L4xx_HAL_Driver/Src/stm32l4xx_hal_rcc.o
 .text.HAL_RCCEx_PeriphCLKConfig
                0x0000000008005764      0x5f8 ./Drivers/STM32L4xx_HAL_Driver/Src/stm32l4xx_hal_rcc_ex.o
                0x0000000008005764                HAL_RCCEx_PeriphCLKConfig
 .text.RCCEx_PLLSAI1_Config
                0x0000000008005d5c      0x1e4 ./Drivers/STM32L4xx_HAL_Driver/Src/stm32l4xx_hal_rcc_ex.o
 .text.RCCEx_PLLSAI2_Config
                0x0000000008005f40      0x1b8 ./Drivers/STM32L4xx_HAL_Driver/Src/stm32l4xx_hal_rcc_ex.o
 .text.HAL_SPI_Init
                0x00000000080060f8      0x146 ./Drivers/STM32L4xx_HAL_Driver/Src/stm32l4xx_hal_spi.o
                0x00000000080060f8                HAL_SPI_Init
 .text.HAL_SPI_Transmit
                0x000000000800623e      0x2ea ./Drivers/STM32L4xx_HAL_Driver/Src/stm32l4xx_hal_spi.o
                0x000000000800623e                HAL_SPI_Transmit
 .text.HAL_SPI_Receive
                0x0000000008006528      0x26e ./Drivers/STM32L4xx_HAL_Driver/Src/stm32l4xx_hal_spi.o
                0x0000000008006528                HAL_SPI_Receive
 .text.HAL_SPI_TransmitReceive
                0x0000000008006796      0x444 ./Drivers/STM32L4xx_HAL_Driver/Src/stm32l4xx_hal_spi.o
                0x0000000008006796                HAL_SPI_TransmitReceive
 *fill*         0x0000000008006bda        0x2 
 .text.SPI_WaitFlagStateUntilTimeout
                0x0000000008006bdc      0x110 ./Drivers/STM32L4xx_HAL_Driver/Src/stm32l4xx_hal_spi.o
 .text.SPI_WaitFifoStateUntilTimeout
                0x0000000008006cec      0x12c ./Drivers/STM32L4xx_HAL_Driver/Src/stm32l4xx_hal_spi.o
 .text.SPI_EndRxTransaction
                0x0000000008006e18       0xb0 ./Drivers/STM32L4xx_HAL_Driver/Src/stm32l4xx_hal_spi.o
 .text.SPI_EndRxTxTransaction
                0x0000000008006ec8       0x8c ./Drivers/STM32L4xx_HAL_Driver/Src/stm32l4xx_hal_spi.o
 .text.HAL_TIM_Base_Init
                0x0000000008006f54       0xae ./Drivers/STM32L4xx_HAL_Driver/Src/stm32l4xx_hal_tim.o
                0x0000000008006f54                HAL_TIM_Base_Init
 .text.HAL_TIM_Base_MspInit
                0x0000000008007002       0x14 ./Drivers/STM32L4xx_HAL_Driver/Src/stm32l4xx_hal_tim.o
                0x0000000008007002                HAL_TIM_Base_MspInit
 *fill*         0x0000000008007016        0x2 
 .text.HAL_TIM_Base_Start_IT
                0x0000000008007018       0xe0 ./Drivers/STM32L4xx_HAL_Driver/Src/stm32l4xx_hal_tim.o
                0x0000000008007018                HAL_TIM_Base_Start_IT
 .text.HAL_TIM_IRQHandler
                0x00000000080070f8      0x204 ./Drivers/STM32L4xx_HAL_Driver/Src/stm32l4xx_hal_tim.o
                0x00000000080070f8                HAL_TIM_IRQHandler
 .text.HAL_TIM_OC_DelayElapsedCallback
                0x00000000080072fc       0x14 ./Drivers/STM32L4xx_HAL_Driver/Src/stm32l4xx_hal_tim.o
                0x00000000080072fc                HAL_TIM_OC_DelayElapsedCallback
 .text.HAL_TIM_IC_CaptureCallback
                0x0000000008007310       0x14 ./Drivers/STM32L4xx_HAL_Driver/Src/stm32l4xx_hal_tim.o
                0x0000000008007310                HAL_TIM_IC_CaptureCallback
 .text.HAL_TIM_PWM_PulseFinishedCallback
                0x0000000008007324       0x14 ./Drivers/STM32L4xx_HAL_Driver/Src/stm32l4xx_hal_tim.o
                0x0000000008007324                HAL_TIM_PWM_PulseFinishedCallback
 .text.HAL_TIM_TriggerCallback
                0x0000000008007338       0x14 ./Drivers/STM32L4xx_HAL_Driver/Src/stm32l4xx_hal_tim.o
                0x0000000008007338                HAL_TIM_TriggerCallback
 .text.TIM_Base_SetConfig
                0x000000000800734c      0x134 ./Drivers/STM32L4xx_HAL_Driver/Src/stm32l4xx_hal_tim.o
                0x000000000800734c                TIM_Base_SetConfig
 .text.HAL_TIMEx_CommutCallback
                0x0000000008007480       0x14 ./Drivers/STM32L4xx_HAL_Driver/Src/stm32l4xx_hal_tim_ex.o
                0x0000000008007480                HAL_TIMEx_CommutCallback
 .text.HAL_TIMEx_BreakCallback
                0x0000000008007494       0x14 ./Drivers/STM32L4xx_HAL_Driver/Src/stm32l4xx_hal_tim_ex.o
                0x0000000008007494                HAL_TIMEx_BreakCallback
 .text.HAL_TIMEx_Break2Callback
                0x00000000080074a8       0x14 ./Drivers/STM32L4xx_HAL_Driver/Src/stm32l4xx_hal_tim_ex.o
                0x00000000080074a8                HAL_TIMEx_Break2Callback
 .text.HAL_UART_Init
                0x00000000080074bc       0x9c ./Drivers/STM32L4xx_HAL_Driver/Src/stm32l4xx_hal_uart.o
                0x00000000080074bc                HAL_UART_Init
 .text.HAL_UART_Transmit
                0x0000000008007558      0x114 ./Drivers/STM32L4xx_HAL_Driver/Src/stm32l4xx_hal_uart.o
                0x0000000008007558                HAL_UART_Transmit
 .text.HAL_UART_IRQHandler
                0x000000000800766c      0x5d4 ./Drivers/STM32L4xx_HAL_Driver/Src/stm32l4xx_hal_uart.o
                0x000000000800766c                HAL_UART_IRQHandler
 .text.HAL_UART_TxCpltCallback
                0x0000000008007c40       0x14 ./Drivers/STM32L4xx_HAL_Driver/Src/stm32l4xx_hal_uart.o
                0x0000000008007c40                HAL_UART_TxCpltCallback
 .text.HAL_UART_ErrorCallback
                0x0000000008007c54       0x14 ./Drivers/STM32L4xx_HAL_Driver/Src/stm32l4xx_hal_uart.o
                0x0000000008007c54                HAL_UART_ErrorCallback
 .text.HAL_UARTEx_RxEventCallback
                0x0000000008007c68       0x18 ./Drivers/STM32L4xx_HAL_Driver/Src/stm32l4xx_hal_uart.o
                0x0000000008007c68                HAL_UARTEx_RxEventCallback
 .text.UART_SetConfig
                0x0000000008007c80      0x570 ./Drivers/STM32L4xx_HAL_Driver/Src/stm32l4xx_hal_uart.o
                0x0000000008007c80                UART_SetConfig
 .text.UART_AdvFeatureConfig
                0x00000000080081f0      0x144 ./Drivers/STM32L4xx_HAL_Driver/Src/stm32l4xx_hal_uart.o
                0x00000000080081f0                UART_AdvFeatureConfig
 .text.UART_CheckIdleState
                0x0000000008008334      0x150 ./Drivers/STM32L4xx_HAL_Driver/Src/stm32l4xx_hal_uart.o
                0x0000000008008334                UART_CheckIdleState
 .text.UART_WaitOnFlagUntilTimeout
                0x0000000008008484       0xce ./Drivers/STM32L4xx_HAL_Driver/Src/stm32l4xx_hal_uart.o
                0x0000000008008484                UART_WaitOnFlagUntilTimeout
 .text.UART_EndRxTransfer
                0x0000000008008552       0xc8 ./Drivers/STM32L4xx_HAL_Driver/Src/stm32l4xx_hal_uart.o
 .text.UART_DMAAbortOnError
                0x000000000800861a       0x2c ./Drivers/STM32L4xx_HAL_Driver/Src/stm32l4xx_hal_uart.o
 .text.UART_EndTransmit_IT
                0x0000000008008646       0x54 ./Drivers/STM32L4xx_HAL_Driver/Src/stm32l4xx_hal_uart.o
 .text.HAL_UARTEx_WakeupCallback
                0x000000000800869a       0x14 ./Drivers/STM32L4xx_HAL_Driver/Src/stm32l4xx_hal_uart_ex.o
                0x000000000800869a                HAL_UARTEx_WakeupCallback
 *fill*         0x00000000080086ae        0x2 
 .text.__NVIC_SetPriority
                0x00000000080086b0       0x54 ./Middlewares/Third_Party/FreeRTOS/Source/CMSIS_RTOS_V2/cmsis_os2.o
 .text.SysTick_Handler
                0x0000000008008704       0x20 ./Middlewares/Third_Party/FreeRTOS/Source/CMSIS_RTOS_V2/cmsis_os2.o
                0x0000000008008704                SysTick_Handler
 .text.SVC_Setup
                0x0000000008008724       0x12 ./Middlewares/Third_Party/FreeRTOS/Source/CMSIS_RTOS_V2/cmsis_os2.o
 *fill*         0x0000000008008736        0x2 
 .text.osKernelInitialize
                0x0000000008008738       0x48 ./Middlewares/Third_Party/FreeRTOS/Source/CMSIS_RTOS_V2/cmsis_os2.o
                0x0000000008008738                osKernelInitialize
 .text.osKernelStart
                0x0000000008008780       0x4c ./Middlewares/Third_Party/FreeRTOS/Source/CMSIS_RTOS_V2/cmsis_os2.o
                0x0000000008008780                osKernelStart
 .text.osThreadNew
                0x00000000080087cc      0x124 ./Middlewares/Third_Party/FreeRTOS/Source/CMSIS_RTOS_V2/cmsis_os2.o
                0x00000000080087cc                osThreadNew
 .text.osDelay  0x00000000080088f0       0x36 ./Middlewares/Third_Party/FreeRTOS/Source/CMSIS_RTOS_V2/cmsis_os2.o
                0x00000000080088f0                osDelay
 .text.osMutexNew
                0x0000000008008926      0x10c ./Middlewares/Third_Party/FreeRTOS/Source/CMSIS_RTOS_V2/cmsis_os2.o
                0x0000000008008926                osMutexNew
 .text.osMutexAcquire
                0x0000000008008a32       0x96 ./Middlewares/Third_Party/FreeRTOS/Source/CMSIS_RTOS_V2/cmsis_os2.o
                0x0000000008008a32                osMutexAcquire
 .text.osMutexRelease
                0x0000000008008ac8       0x7a ./Middlewares/Third_Party/FreeRTOS/Source/CMSIS_RTOS_V2/cmsis_os2.o
                0x0000000008008ac8                osMutexRelease
 .text.osMessageQueueNew
                0x0000000008008b42       0xe6 ./Middlewares/Third_Party/FreeRTOS/Source/CMSIS_RTOS_V2/cmsis_os2.o
                0x0000000008008b42                osMessageQueueNew
 .text.osMessageQueuePut
                0x0000000008008c28       0xc0 ./Middlewares/Third_Party/FreeRTOS/Source/CMSIS_RTOS_V2/cmsis_os2.o
                0x0000000008008c28                osMessageQueuePut
 .text.osMessageQueueGet
                0x0000000008008ce8       0xbc ./Middlewares/Third_Party/FreeRTOS/Source/CMSIS_RTOS_V2/cmsis_os2.o
                0x0000000008008ce8                osMessageQueueGet
 .text.vApplicationGetIdleTaskMemory
                0x0000000008008da4       0x34 ./Middlewares/Third_Party/FreeRTOS/Source/CMSIS_RTOS_V2/cmsis_os2.o
                0x0000000008008da4                vApplicationGetIdleTaskMemory
 .text.vApplicationGetTimerTaskMemory
                0x0000000008008dd8       0x34 ./Middlewares/Third_Party/FreeRTOS/Source/CMSIS_RTOS_V2/cmsis_os2.o
                0x0000000008008dd8                vApplicationGetTimerTaskMemory
 .text.vListInitialise
                0x0000000008008e0c       0x40 ./Middlewares/Third_Party/FreeRTOS/Source/list.o
                0x0000000008008e0c                vListInitialise
 .text.vListInitialiseItem
                0x0000000008008e4c       0x1a ./Middlewares/Third_Party/FreeRTOS/Source/list.o
                0x0000000008008e4c                vListInitialiseItem
 .text.vListInsertEnd
                0x0000000008008e66       0x48 ./Middlewares/Third_Party/FreeRTOS/Source/list.o
                0x0000000008008e66                vListInsertEnd
 .text.vListInsert
                0x0000000008008eae       0x72 ./Middlewares/Third_Party/FreeRTOS/Source/list.o
                0x0000000008008eae                vListInsert
 .text.uxListRemove
                0x0000000008008f20       0x54 ./Middlewares/Third_Party/FreeRTOS/Source/list.o
                0x0000000008008f20                uxListRemove
 .text.xQueueGenericReset
                0x0000000008008f74       0xd0 ./Middlewares/Third_Party/FreeRTOS/Source/queue.o
                0x0000000008008f74                xQueueGenericReset
 .text.xQueueGenericCreateStatic
                0x0000000008009044       0xf0 ./Middlewares/Third_Party/FreeRTOS/Source/queue.o
                0x0000000008009044                xQueueGenericCreateStatic
 .text.xQueueGenericCreate
                0x0000000008009134       0x74 ./Middlewares/Third_Party/FreeRTOS/Source/queue.o
                0x0000000008009134                xQueueGenericCreate
 .text.prvInitialiseNewQueue
                0x00000000080091a8       0x46 ./Middlewares/Third_Party/FreeRTOS/Source/queue.o
 .text.prvInitialiseMutex
                0x00000000080091ee       0x34 ./Middlewares/Third_Party/FreeRTOS/Source/queue.o
 .text.xQueueCreateMutex
                0x0000000008009222       0x30 ./Middlewares/Third_Party/FreeRTOS/Source/queue.o
                0x0000000008009222                xQueueCreateMutex
 .text.xQueueCreateMutexStatic
                0x0000000008009252       0x36 ./Middlewares/Third_Party/FreeRTOS/Source/queue.o
                0x0000000008009252                xQueueCreateMutexStatic
 .text.xQueueGiveMutexRecursive
                0x0000000008009288       0x68 ./Middlewares/Third_Party/FreeRTOS/Source/queue.o
                0x0000000008009288                xQueueGiveMutexRecursive
 .text.xQueueTakeMutexRecursive
                0x00000000080092f0       0x6c ./Middlewares/Third_Party/FreeRTOS/Source/queue.o
                0x00000000080092f0                xQueueTakeMutexRecursive
 .text.xQueueGenericSend
                0x000000000800935c      0x1fc ./Middlewares/Third_Party/FreeRTOS/Source/queue.o
                0x000000000800935c                xQueueGenericSend
 .text.xQueueGenericSendFromISR
                0x0000000008009558      0x136 ./Middlewares/Third_Party/FreeRTOS/Source/queue.o
                0x0000000008009558                xQueueGenericSendFromISR
 *fill*         0x000000000800968e        0x2 
 .text.xQueueReceive
                0x0000000008009690      0x1c0 ./Middlewares/Third_Party/FreeRTOS/Source/queue.o
                0x0000000008009690                xQueueReceive
 .text.xQueueSemaphoreTake
                0x0000000008009850      0x218 ./Middlewares/Third_Party/FreeRTOS/Source/queue.o
                0x0000000008009850                xQueueSemaphoreTake
 .text.xQueueReceiveFromISR
                0x0000000008009a68      0x100 ./Middlewares/Third_Party/FreeRTOS/Source/queue.o
                0x0000000008009a68                xQueueReceiveFromISR
 .text.prvGetDisinheritPriorityAfterTimeout
                0x0000000008009b68       0x30 ./Middlewares/Third_Party/FreeRTOS/Source/queue.o
 .text.prvCopyDataToQueue
                0x0000000008009b98       0xd4 ./Middlewares/Third_Party/FreeRTOS/Source/queue.o
 .text.prvCopyDataFromQueue
                0x0000000008009c6c       0x4c ./Middlewares/Third_Party/FreeRTOS/Source/queue.o
 .text.prvUnlockQueue
                0x0000000008009cb8       0xa4 ./Middlewares/Third_Party/FreeRTOS/Source/queue.o
 .text.prvIsQueueEmpty
                0x0000000008009d5c       0x2c ./Middlewares/Third_Party/FreeRTOS/Source/queue.o
 .text.prvIsQueueFull
                0x0000000008009d88       0x30 ./Middlewares/Third_Party/FreeRTOS/Source/queue.o
 .text.vQueueAddToRegistry
                0x0000000008009db8       0x54 ./Middlewares/Third_Party/FreeRTOS/Source/queue.o
                0x0000000008009db8                vQueueAddToRegistry
 .text.vQueueWaitForMessageRestricted
                0x0000000008009e0c       0x68 ./Middlewares/Third_Party/FreeRTOS/Source/queue.o
                0x0000000008009e0c                vQueueWaitForMessageRestricted
 .text.xTaskCreateStatic
                0x0000000008009e74       0xba ./Middlewares/Third_Party/FreeRTOS/Source/tasks.o
                0x0000000008009e74                xTaskCreateStatic
 .text.xTaskCreate
                0x0000000008009f2e       0x8a ./Middlewares/Third_Party/FreeRTOS/Source/tasks.o
                0x0000000008009f2e                xTaskCreate
 .text.prvInitialiseNewTask
                0x0000000008009fb8      0x11e ./Middlewares/Third_Party/FreeRTOS/Source/tasks.o
 *fill*         0x000000000800a0d6        0x2 
 .text.prvAddNewTaskToReadyList
                0x000000000800a0d8       0xe0 ./Middlewares/Third_Party/FreeRTOS/Source/tasks.o
 .text.vTaskDelay
                0x000000000800a1b8       0x68 ./Middlewares/Third_Party/FreeRTOS/Source/tasks.o
                0x000000000800a1b8                vTaskDelay
 .text.vTaskStartScheduler
                0x000000000800a220       0xcc ./Middlewares/Third_Party/FreeRTOS/Source/tasks.o
                0x000000000800a220                vTaskStartScheduler
 .text.vTaskSuspendAll
                0x000000000800a2ec       0x1c ./Middlewares/Third_Party/FreeRTOS/Source/tasks.o
                0x000000000800a2ec                vTaskSuspendAll
 .text.xTaskResumeAll
                0x000000000800a308      0x13c ./Middlewares/Third_Party/FreeRTOS/Source/tasks.o
                0x000000000800a308                xTaskResumeAll
 .text.xTaskGetTickCount
                0x000000000800a444       0x20 ./Middlewares/Third_Party/FreeRTOS/Source/tasks.o
                0x000000000800a444                xTaskGetTickCount
 .text.xTaskIncrementTick
                0x000000000800a464      0x174 ./Middlewares/Third_Party/FreeRTOS/Source/tasks.o
                0x000000000800a464                xTaskIncrementTick
 .text.vTaskSwitchContext
                0x000000000800a5d8       0xbc ./Middlewares/Third_Party/FreeRTOS/Source/tasks.o
                0x000000000800a5d8                vTaskSwitchContext
 .text.vTaskPlaceOnEventList
                0x000000000800a694       0x48 ./Middlewares/Third_Party/FreeRTOS/Source/tasks.o
                0x000000000800a694                vTaskPlaceOnEventList
 .text.vTaskPlaceOnEventListRestricted
                0x000000000800a6dc       0x58 ./Middlewares/Third_Party/FreeRTOS/Source/tasks.o
                0x000000000800a6dc                vTaskPlaceOnEventListRestricted
 .text.xTaskRemoveFromEventList
                0x000000000800a734       0xc8 ./Middlewares/Third_Party/FreeRTOS/Source/tasks.o
                0x000000000800a734                xTaskRemoveFromEventList
 .text.vTaskInternalSetTimeOutState
                0x000000000800a7fc       0x2c ./Middlewares/Third_Party/FreeRTOS/Source/tasks.o
                0x000000000800a7fc                vTaskInternalSetTimeOutState
 .text.xTaskCheckForTimeOut
                0x000000000800a828       0xc4 ./Middlewares/Third_Party/FreeRTOS/Source/tasks.o
                0x000000000800a828                xTaskCheckForTimeOut
 .text.vTaskMissedYield
                0x000000000800a8ec       0x18 ./Middlewares/Third_Party/FreeRTOS/Source/tasks.o
                0x000000000800a8ec                vTaskMissedYield
 .text.prvIdleTask
                0x000000000800a904       0x30 ./Middlewares/Third_Party/FreeRTOS/Source/tasks.o
 .text.prvInitialiseTaskLists
                0x000000000800a934       0x80 ./Middlewares/Third_Party/FreeRTOS/Source/tasks.o
 .text.prvCheckTasksWaitingTermination
                0x000000000800a9b4       0x5c ./Middlewares/Third_Party/FreeRTOS/Source/tasks.o
 .text.prvDeleteTCB
                0x000000000800aa10       0x5e ./Middlewares/Third_Party/FreeRTOS/Source/tasks.o
 *fill*         0x000000000800aa6e        0x2 
 .text.prvResetNextTaskUnblockTime
                0x000000000800aa70       0x40 ./Middlewares/Third_Party/FreeRTOS/Source/tasks.o
 .text.xTaskGetCurrentTaskHandle
                0x000000000800aab0       0x20 ./Middlewares/Third_Party/FreeRTOS/Source/tasks.o
                0x000000000800aab0                xTaskGetCurrentTaskHandle
 .text.xTaskGetSchedulerState
                0x000000000800aad0       0x3c ./Middlewares/Third_Party/FreeRTOS/Source/tasks.o
                0x000000000800aad0                xTaskGetSchedulerState
 .text.xTaskPriorityInherit
                0x000000000800ab0c       0xd0 ./Middlewares/Third_Party/FreeRTOS/Source/tasks.o
                0x000000000800ab0c                xTaskPriorityInherit
 .text.xTaskPriorityDisinherit
                0x000000000800abdc       0xdc ./Middlewares/Third_Party/FreeRTOS/Source/tasks.o
                0x000000000800abdc                xTaskPriorityDisinherit
 .text.vTaskPriorityDisinheritAfterTimeout
                0x000000000800acb8      0x104 ./Middlewares/Third_Party/FreeRTOS/Source/tasks.o
                0x000000000800acb8                vTaskPriorityDisinheritAfterTimeout
 .text.pvTaskIncrementMutexHeldCount
                0x000000000800adbc       0x28 ./Middlewares/Third_Party/FreeRTOS/Source/tasks.o
                0x000000000800adbc                pvTaskIncrementMutexHeldCount
 .text.prvAddCurrentTaskToDelayedList
                0x000000000800ade4       0xa8 ./Middlewares/Third_Party/FreeRTOS/Source/tasks.o
 .text.xTimerCreateTimerTask
                0x000000000800ae8c       0x90 ./Middlewares/Third_Party/FreeRTOS/Source/timers.o
                0x000000000800ae8c                xTimerCreateTimerTask
 .text.xTimerGenericCommand
                0x000000000800af1c       0x9c ./Middlewares/Third_Party/FreeRTOS/Source/timers.o
                0x000000000800af1c                xTimerGenericCommand
 .text.prvProcessExpiredTimer
                0x000000000800afb8       0x98 ./Middlewares/Third_Party/FreeRTOS/Source/timers.o
 .text.prvTimerTask
                0x000000000800b050       0x24 ./Middlewares/Third_Party/FreeRTOS/Source/timers.o
 .text.prvProcessTimerOrBlockTask
                0x000000000800b074       0x9c ./Middlewares/Third_Party/FreeRTOS/Source/timers.o
 .text.prvGetNextExpireTime
                0x000000000800b110       0x48 ./Middlewares/Third_Party/FreeRTOS/Source/timers.o
 .text.prvSampleTimeNow
                0x000000000800b158       0x40 ./Middlewares/Third_Party/FreeRTOS/Source/timers.o
 .text.prvInsertTimerInActiveList
                0x000000000800b198       0x84 ./Middlewares/Third_Party/FreeRTOS/Source/timers.o
 .text.prvProcessReceivedCommands
                0x000000000800b21c      0x1c4 ./Middlewares/Third_Party/FreeRTOS/Source/timers.o
 .text.prvSwitchTimerLists
                0x000000000800b3e0       0xc8 ./Middlewares/Third_Party/FreeRTOS/Source/timers.o
 .text.prvCheckForValidListAndQueue
                0x000000000800b4a8       0x80 ./Middlewares/Third_Party/FreeRTOS/Source/timers.o
 .text.pxPortInitialiseStack
                0x000000000800b528       0x68 ./Middlewares/Third_Party/FreeRTOS/Source/portable/GCC/ARM_CM4F/port.o
                0x000000000800b528                pxPortInitialiseStack
 .text.prvTaskExitError
                0x000000000800b590       0x58 ./Middlewares/Third_Party/FreeRTOS/Source/portable/GCC/ARM_CM4F/port.o
 *fill*         0x000000000800b5e8        0x8 
 .text.SVC_Handler
                0x000000000800b5f0       0x28 ./Middlewares/Third_Party/FreeRTOS/Source/portable/GCC/ARM_CM4F/port.o
                0x000000000800b5f0                SVC_Handler
 .text.prvPortStartFirstTask
                0x000000000800b618       0x28 ./Middlewares/Third_Party/FreeRTOS/Source/portable/GCC/ARM_CM4F/port.o
 .text.xPortStartScheduler
                0x000000000800b640      0x144 ./Middlewares/Third_Party/FreeRTOS/Source/portable/GCC/ARM_CM4F/port.o
                0x000000000800b640                xPortStartScheduler
 .text.vPortEnterCritical
                0x000000000800b784       0x60 ./Middlewares/Third_Party/FreeRTOS/Source/portable/GCC/ARM_CM4F/port.o
                0x000000000800b784                vPortEnterCritical
 .text.vPortExitCritical
                0x000000000800b7e4       0x54 ./Middlewares/Third_Party/FreeRTOS/Source/portable/GCC/ARM_CM4F/port.o
                0x000000000800b7e4                vPortExitCritical
 *fill*         0x000000000800b838        0x8 
 .text.PendSV_Handler
                0x000000000800b840       0x68 ./Middlewares/Third_Party/FreeRTOS/Source/portable/GCC/ARM_CM4F/port.o
                0x000000000800b840                PendSV_Handler
 .text.xPortSysTickHandler
                0x000000000800b8a8       0x44 ./Middlewares/Third_Party/FreeRTOS/Source/portable/GCC/ARM_CM4F/port.o
                0x000000000800b8a8                xPortSysTickHandler
 .text.vPortSetupTimerInterrupt
                0x000000000800b8ec       0x48 ./Middlewares/Third_Party/FreeRTOS/Source/portable/GCC/ARM_CM4F/port.o
                0x000000000800b8ec                vPortSetupTimerInterrupt
 .text.vPortEnableVFP
                0x000000000800b934       0x14 ./Middlewares/Third_Party/FreeRTOS/Source/portable/GCC/ARM_CM4F/port.o
 .text.vPortValidateInterruptPriority
                0x000000000800b948       0x80 ./Middlewares/Third_Party/FreeRTOS/Source/portable/GCC/ARM_CM4F/port.o
                0x000000000800b948                vPortValidateInterruptPriority
 .text.pvPortMalloc
                0x000000000800b9c8      0x198 ./Middlewares/Third_Party/FreeRTOS/Source/portable/MemMang/heap_4.o
                0x000000000800b9c8                pvPortMalloc
 .text.vPortFree
                0x000000000800bb60       0xc4 ./Middlewares/Third_Party/FreeRTOS/Source/portable/MemMang/heap_4.o
                0x000000000800bb60                vPortFree
 .text.prvHeapInit
                0x000000000800bc24       0xc4 ./Middlewares/Third_Party/FreeRTOS/Source/portable/MemMang/heap_4.o
 .text.prvInsertBlockIntoFreeList
                0x000000000800bce8       0xb4 ./Middlewares/Third_Party/FreeRTOS/Source/portable/MemMang/heap_4.o
 .text.__cvt    0x000000000800bd9c       0xc4 D:/ST/STM32CubeIDE_1.14.0/STM32CubeIDE/plugins/com.st.stm32cube.ide.mcu.externaltools.gnu-tools-for-stm32.11.3.rel1.win32_1.1.100.202309141235/tools/bin/../lib/gcc/arm-none-eabi/11.3.1/../../../../arm-none-eabi/lib/thumb/v7e-m+fp/hard\libc_nano.a(libc_a-nano-vfprintf_float.o)
                0x000000000800bd9c                __cvt
 .text.__exponent
                0x000000000800be60       0x7c D:/ST/STM32CubeIDE_1.14.0/STM32CubeIDE/plugins/com.st.stm32cube.ide.mcu.externaltools.gnu-tools-for-stm32.11.3.rel1.win32_1.1.100.202309141235/tools/bin/../lib/gcc/arm-none-eabi/11.3.1/../../../../arm-none-eabi/lib/thumb/v7e-m+fp/hard\libc_nano.a(libc_a-nano-vfprintf_float.o)
                0x000000000800be60                __exponent
 .text._printf_float
                0x000000000800bedc      0x46c D:/ST/STM32CubeIDE_1.14.0/STM32CubeIDE/plugins/com.st.stm32cube.ide.mcu.externaltools.gnu-tools-for-stm32.11.3.rel1.win32_1.1.100.202309141235/tools/bin/../lib/gcc/arm-none-eabi/11.3.1/../../../../arm-none-eabi/lib/thumb/v7e-m+fp/hard\libc_nano.a(libc_a-nano-vfprintf_float.o)
                0x000000000800bedc                _printf_float
 .text._printf_common
                0x000000000800c348       0xda D:/ST/STM32CubeIDE_1.14.0/STM32CubeIDE/plugins/com.st.stm32cube.ide.mcu.externaltools.gnu-tools-for-stm32.11.3.rel1.win32_1.1.100.202309141235/tools/bin/../lib/gcc/arm-none-eabi/11.3.1/../../../../arm-none-eabi/lib/thumb/v7e-m+fp/hard\libc_nano.a(libc_a-nano-vfprintf_i.o)
                0x000000000800c348                _printf_common
 *fill*         0x000000000800c422        0x2 
 .text._printf_i
                0x000000000800c424      0x244 D:/ST/STM32CubeIDE_1.14.0/STM32CubeIDE/plugins/com.st.stm32cube.ide.mcu.externaltools.gnu-tools-for-stm32.11.3.rel1.win32_1.1.100.202309141235/tools/bin/../lib/gcc/arm-none-eabi/11.3.1/../../../../arm-none-eabi/lib/thumb/v7e-m+fp/hard\libc_nano.a(libc_a-nano-vfprintf_i.o)
                0x000000000800c424                _printf_i
 .text.std      0x000000000800c668       0x6c D:/ST/STM32CubeIDE_1.14.0/STM32CubeIDE/plugins/com.st.stm32cube.ide.mcu.externaltools.gnu-tools-for-stm32.11.3.rel1.win32_1.1.100.202309141235/tools/bin/../lib/gcc/arm-none-eabi/11.3.1/../../../../arm-none-eabi/lib/thumb/v7e-m+fp/hard\libc_nano.a(libc_a-findfp.o)
 .text.stdio_exit_handler
                0x000000000800c6d4       0x18 D:/ST/STM32CubeIDE_1.14.0/STM32CubeIDE/plugins/com.st.stm32cube.ide.mcu.externaltools.gnu-tools-for-stm32.11.3.rel1.win32_1.1.100.202309141235/tools/bin/../lib/gcc/arm-none-eabi/11.3.1/../../../../arm-none-eabi/lib/thumb/v7e-m+fp/hard\libc_nano.a(libc_a-findfp.o)
 .text.cleanup_stdio
                0x000000000800c6ec       0x40 D:/ST/STM32CubeIDE_1.14.0/STM32CubeIDE/plugins/com.st.stm32cube.ide.mcu.externaltools.gnu-tools-for-stm32.11.3.rel1.win32_1.1.100.202309141235/tools/bin/../lib/gcc/arm-none-eabi/11.3.1/../../../../arm-none-eabi/lib/thumb/v7e-m+fp/hard\libc_nano.a(libc_a-findfp.o)
 .text.global_stdio_init.part.0
                0x000000000800c72c       0x3c D:/ST/STM32CubeIDE_1.14.0/STM32CubeIDE/plugins/com.st.stm32cube.ide.mcu.externaltools.gnu-tools-for-stm32.11.3.rel1.win32_1.1.100.202309141235/tools/bin/../lib/gcc/arm-none-eabi/11.3.1/../../../../arm-none-eabi/lib/thumb/v7e-m+fp/hard\libc_nano.a(libc_a-findfp.o)
 .text.__sfp_lock_acquire
                0x000000000800c768        0xc D:/ST/STM32CubeIDE_1.14.0/STM32CubeIDE/plugins/com.st.stm32cube.ide.mcu.externaltools.gnu-tools-for-stm32.11.3.rel1.win32_1.1.100.202309141235/tools/bin/../lib/gcc/arm-none-eabi/11.3.1/../../../../arm-none-eabi/lib/thumb/v7e-m+fp/hard\libc_nano.a(libc_a-findfp.o)
                0x000000000800c768                __sfp_lock_acquire
 .text.__sfp_lock_release
                0x000000000800c774        0xc D:/ST/STM32CubeIDE_1.14.0/STM32CubeIDE/plugins/com.st.stm32cube.ide.mcu.externaltools.gnu-tools-for-stm32.11.3.rel1.win32_1.1.100.202309141235/tools/bin/../lib/gcc/arm-none-eabi/11.3.1/../../../../arm-none-eabi/lib/thumb/v7e-m+fp/hard\libc_nano.a(libc_a-findfp.o)
                0x000000000800c774                __sfp_lock_release
 .text.__sinit  0x000000000800c780       0x30 D:/ST/STM32CubeIDE_1.14.0/STM32CubeIDE/plugins/com.st.stm32cube.ide.mcu.externaltools.gnu-tools-for-stm32.11.3.rel1.win32_1.1.100.202309141235/tools/bin/../lib/gcc/arm-none-eabi/11.3.1/../../../../arm-none-eabi/lib/thumb/v7e-m+fp/hard\libc_nano.a(libc_a-findfp.o)
                0x000000000800c780                __sinit
 .text._fwalk_sglue
                0x000000000800c7b0       0x3c D:/ST/STM32CubeIDE_1.14.0/STM32CubeIDE/plugins/com.st.stm32cube.ide.mcu.externaltools.gnu-tools-for-stm32.11.3.rel1.win32_1.1.100.202309141235/tools/bin/../lib/gcc/arm-none-eabi/11.3.1/../../../../arm-none-eabi/lib/thumb/v7e-m+fp/hard\libc_nano.a(libc_a-fwalk.o)
                0x000000000800c7b0                _fwalk_sglue
 .text.printf   0x000000000800c7ec       0x24 D:/ST/STM32CubeIDE_1.14.0/STM32CubeIDE/plugins/com.st.stm32cube.ide.mcu.externaltools.gnu-tools-for-stm32.11.3.rel1.win32_1.1.100.202309141235/tools/bin/../lib/gcc/arm-none-eabi/11.3.1/../../../../arm-none-eabi/lib/thumb/v7e-m+fp/hard\libc_nano.a(libc_a-printf.o)
                0x000000000800c7ec                iprintf
                0x000000000800c7ec                printf
 .text.__sread  0x000000000800c810       0x22 D:/ST/STM32CubeIDE_1.14.0/STM32CubeIDE/plugins/com.st.stm32cube.ide.mcu.externaltools.gnu-tools-for-stm32.11.3.rel1.win32_1.1.100.202309141235/tools/bin/../lib/gcc/arm-none-eabi/11.3.1/../../../../arm-none-eabi/lib/thumb/v7e-m+fp/hard\libc_nano.a(libc_a-stdio.o)
                0x000000000800c810                __sread
 .text.__swrite
                0x000000000800c832       0x38 D:/ST/STM32CubeIDE_1.14.0/STM32CubeIDE/plugins/com.st.stm32cube.ide.mcu.externaltools.gnu-tools-for-stm32.11.3.rel1.win32_1.1.100.202309141235/tools/bin/../lib/gcc/arm-none-eabi/11.3.1/../../../../arm-none-eabi/lib/thumb/v7e-m+fp/hard\libc_nano.a(libc_a-stdio.o)
                0x000000000800c832                __swrite
 .text.__sseek  0x000000000800c86a       0x24 D:/ST/STM32CubeIDE_1.14.0/STM32CubeIDE/plugins/com.st.stm32cube.ide.mcu.externaltools.gnu-tools-for-stm32.11.3.rel1.win32_1.1.100.202309141235/tools/bin/../lib/gcc/arm-none-eabi/11.3.1/../../../../arm-none-eabi/lib/thumb/v7e-m+fp/hard\libc_nano.a(libc_a-stdio.o)
                0x000000000800c86a                __sseek
 .text.__sclose
                0x000000000800c88e        0x8 D:/ST/STM32CubeIDE_1.14.0/STM32CubeIDE/plugins/com.st.stm32cube.ide.mcu.externaltools.gnu-tools-for-stm32.11.3.rel1.win32_1.1.100.202309141235/tools/bin/../lib/gcc/arm-none-eabi/11.3.1/../../../../arm-none-eabi/lib/thumb/v7e-m+fp/hard\libc_nano.a(libc_a-stdio.o)
                0x000000000800c88e                __sclose
 .text.memset   0x000000000800c896       0x10 D:/ST/STM32CubeIDE_1.14.0/STM32CubeIDE/plugins/com.st.stm32cube.ide.mcu.externaltools.gnu-tools-for-stm32.11.3.rel1.win32_1.1.100.202309141235/tools/bin/../lib/gcc/arm-none-eabi/11.3.1/../../../../arm-none-eabi/lib/thumb/v7e-m+fp/hard\libc_nano.a(libc_a-memset.o)
                0x000000000800c896                memset
 *fill*         0x000000000800c8a6        0x2 
 .text._localeconv_r
                0x000000000800c8a8        0x8 D:/ST/STM32CubeIDE_1.14.0/STM32CubeIDE/plugins/com.st.stm32cube.ide.mcu.externaltools.gnu-tools-for-stm32.11.3.rel1.win32_1.1.100.202309141235/tools/bin/../lib/gcc/arm-none-eabi/11.3.1/../../../../arm-none-eabi/lib/thumb/v7e-m+fp/hard\libc_nano.a(libc_a-localeconv.o)
                0x000000000800c8a8                _localeconv_r
 .text._close_r
                0x000000000800c8b0       0x20 D:/ST/STM32CubeIDE_1.14.0/STM32CubeIDE/plugins/com.st.stm32cube.ide.mcu.externaltools.gnu-tools-for-stm32.11.3.rel1.win32_1.1.100.202309141235/tools/bin/../lib/gcc/arm-none-eabi/11.3.1/../../../../arm-none-eabi/lib/thumb/v7e-m+fp/hard\libc_nano.a(libc_a-closer.o)
                0x000000000800c8b0                _close_r
 .text._lseek_r
                0x000000000800c8d0       0x24 D:/ST/STM32CubeIDE_1.14.0/STM32CubeIDE/plugins/com.st.stm32cube.ide.mcu.externaltools.gnu-tools-for-stm32.11.3.rel1.win32_1.1.100.202309141235/tools/bin/../lib/gcc/arm-none-eabi/11.3.1/../../../../arm-none-eabi/lib/thumb/v7e-m+fp/hard\libc_nano.a(libc_a-lseekr.o)
                0x000000000800c8d0                _lseek_r
 .text._read_r  0x000000000800c8f4       0x24 D:/ST/STM32CubeIDE_1.14.0/STM32CubeIDE/plugins/com.st.stm32cube.ide.mcu.externaltools.gnu-tools-for-stm32.11.3.rel1.win32_1.1.100.202309141235/tools/bin/../lib/gcc/arm-none-eabi/11.3.1/../../../../arm-none-eabi/lib/thumb/v7e-m+fp/hard\libc_nano.a(libc_a-readr.o)
                0x000000000800c8f4                _read_r
 .text._write_r
                0x000000000800c918       0x24 D:/ST/STM32CubeIDE_1.14.0/STM32CubeIDE/plugins/com.st.stm32cube.ide.mcu.externaltools.gnu-tools-for-stm32.11.3.rel1.win32_1.1.100.202309141235/tools/bin/../lib/gcc/arm-none-eabi/11.3.1/../../../../arm-none-eabi/lib/thumb/v7e-m+fp/hard\libc_nano.a(libc_a-writer.o)
                0x000000000800c918                _write_r
 .text.__errno  0x000000000800c93c        0xc D:/ST/STM32CubeIDE_1.14.0/STM32CubeIDE/plugins/com.st.stm32cube.ide.mcu.externaltools.gnu-tools-for-stm32.11.3.rel1.win32_1.1.100.202309141235/tools/bin/../lib/gcc/arm-none-eabi/11.3.1/../../../../arm-none-eabi/lib/thumb/v7e-m+fp/hard\libc_nano.a(libc_a-errno.o)
                0x000000000800c93c                __errno
 .text.__libc_init_array
                0x000000000800c948       0x48 D:/ST/STM32CubeIDE_1.14.0/STM32CubeIDE/plugins/com.st.stm32cube.ide.mcu.externaltools.gnu-tools-for-stm32.11.3.rel1.win32_1.1.100.202309141235/tools/bin/../lib/gcc/arm-none-eabi/11.3.1/../../../../arm-none-eabi/lib/thumb/v7e-m+fp/hard\libc_nano.a(libc_a-init.o)
                0x000000000800c948                __libc_init_array
 .text.__retarget_lock_init_recursive
                0x000000000800c990        0x2 D:/ST/STM32CubeIDE_1.14.0/STM32CubeIDE/plugins/com.st.stm32cube.ide.mcu.externaltools.gnu-tools-for-stm32.11.3.rel1.win32_1.1.100.202309141235/tools/bin/../lib/gcc/arm-none-eabi/11.3.1/../../../../arm-none-eabi/lib/thumb/v7e-m+fp/hard\libc_nano.a(libc_a-lock.o)
                0x000000000800c990                __retarget_lock_init_recursive
 .text.__retarget_lock_acquire_recursive
                0x000000000800c992        0x2 D:/ST/STM32CubeIDE_1.14.0/STM32CubeIDE/plugins/com.st.stm32cube.ide.mcu.externaltools.gnu-tools-for-stm32.11.3.rel1.win32_1.1.100.202309141235/tools/bin/../lib/gcc/arm-none-eabi/11.3.1/../../../../arm-none-eabi/lib/thumb/v7e-m+fp/hard\libc_nano.a(libc_a-lock.o)
                0x000000000800c992                __retarget_lock_acquire_recursive
 .text.__retarget_lock_release_recursive
                0x000000000800c994        0x2 D:/ST/STM32CubeIDE_1.14.0/STM32CubeIDE/plugins/com.st.stm32cube.ide.mcu.externaltools.gnu-tools-for-stm32.11.3.rel1.win32_1.1.100.202309141235/tools/bin/../lib/gcc/arm-none-eabi/11.3.1/../../../../arm-none-eabi/lib/thumb/v7e-m+fp/hard\libc_nano.a(libc_a-lock.o)
                0x000000000800c994                __retarget_lock_release_recursive
 .text.memcpy   0x000000000800c996       0x1c D:/ST/STM32CubeIDE_1.14.0/STM32CubeIDE/plugins/com.st.stm32cube.ide.mcu.externaltools.gnu-tools-for-stm32.11.3.rel1.win32_1.1.100.202309141235/tools/bin/../lib/gcc/arm-none-eabi/11.3.1/../../../../arm-none-eabi/lib/thumb/v7e-m+fp/hard\libc_nano.a(libc_a-memcpy-stub.o)
                0x000000000800c996                memcpy
 .text.quorem   0x000000000800c9b2      0x110 D:/ST/STM32CubeIDE_1.14.0/STM32CubeIDE/plugins/com.st.stm32cube.ide.mcu.externaltools.gnu-tools-for-stm32.11.3.rel1.win32_1.1.100.202309141235/tools/bin/../lib/gcc/arm-none-eabi/11.3.1/../../../../arm-none-eabi/lib/thumb/v7e-m+fp/hard\libc_nano.a(libc_a-dtoa.o)
 *fill*         0x000000000800cac2        0x6 
 .text._dtoa_r  0x000000000800cac8      0xbe4 D:/ST/STM32CubeIDE_1.14.0/STM32CubeIDE/plugins/com.st.stm32cube.ide.mcu.externaltools.gnu-tools-for-stm32.11.3.rel1.win32_1.1.100.202309141235/tools/bin/../lib/gcc/arm-none-eabi/11.3.1/../../../../arm-none-eabi/lib/thumb/v7e-m+fp/hard\libc_nano.a(libc_a-dtoa.o)
                0x000000000800cac8                _dtoa_r
 .text._free_r  0x000000000800d6ac       0x98 D:/ST/STM32CubeIDE_1.14.0/STM32CubeIDE/plugins/com.st.stm32cube.ide.mcu.externaltools.gnu-tools-for-stm32.11.3.rel1.win32_1.1.100.202309141235/tools/bin/../lib/gcc/arm-none-eabi/11.3.1/../../../../arm-none-eabi/lib/thumb/v7e-m+fp/hard\libc_nano.a(libc_a-freer.o)
                0x000000000800d6ac                _free_r
 .text.malloc   0x000000000800d744       0x10 D:/ST/STM32CubeIDE_1.14.0/STM32CubeIDE/plugins/com.st.stm32cube.ide.mcu.externaltools.gnu-tools-for-stm32.11.3.rel1.win32_1.1.100.202309141235/tools/bin/../lib/gcc/arm-none-eabi/11.3.1/../../../../arm-none-eabi/lib/thumb/v7e-m+fp/hard\libc_nano.a(libc_a-malloc.o)
                0x000000000800d744                malloc
 .text.sbrk_aligned
                0x000000000800d754       0x40 D:/ST/STM32CubeIDE_1.14.0/STM32CubeIDE/plugins/com.st.stm32cube.ide.mcu.externaltools.gnu-tools-for-stm32.11.3.rel1.win32_1.1.100.202309141235/tools/bin/../lib/gcc/arm-none-eabi/11.3.1/../../../../arm-none-eabi/lib/thumb/v7e-m+fp/hard\libc_nano.a(libc_a-mallocr.o)
 .text._malloc_r
                0x000000000800d794      0x100 D:/ST/STM32CubeIDE_1.14.0/STM32CubeIDE/plugins/com.st.stm32cube.ide.mcu.externaltools.gnu-tools-for-stm32.11.3.rel1.win32_1.1.100.202309141235/tools/bin/../lib/gcc/arm-none-eabi/11.3.1/../../../../arm-none-eabi/lib/thumb/v7e-m+fp/hard\libc_nano.a(libc_a-mallocr.o)
                0x000000000800d794                _malloc_r
 .text.__malloc_lock
                0x000000000800d894        0xc D:/ST/STM32CubeIDE_1.14.0/STM32CubeIDE/plugins/com.st.stm32cube.ide.mcu.externaltools.gnu-tools-for-stm32.11.3.rel1.win32_1.1.100.202309141235/tools/bin/../lib/gcc/arm-none-eabi/11.3.1/../../../../arm-none-eabi/lib/thumb/v7e-m+fp/hard\libc_nano.a(libc_a-mlock.o)
                0x000000000800d894                __malloc_lock
 .text.__malloc_unlock
                0x000000000800d8a0        0xc D:/ST/STM32CubeIDE_1.14.0/STM32CubeIDE/plugins/com.st.stm32cube.ide.mcu.externaltools.gnu-tools-for-stm32.11.3.rel1.win32_1.1.100.202309141235/tools/bin/../lib/gcc/arm-none-eabi/11.3.1/../../../../arm-none-eabi/lib/thumb/v7e-m+fp/hard\libc_nano.a(libc_a-mlock.o)
                0x000000000800d8a0                __malloc_unlock
 .text._Balloc  0x000000000800d8ac       0x80 D:/ST/STM32CubeIDE_1.14.0/STM32CubeIDE/plugins/com.st.stm32cube.ide.mcu.externaltools.gnu-tools-for-stm32.11.3.rel1.win32_1.1.100.202309141235/tools/bin/../lib/gcc/arm-none-eabi/11.3.1/../../../../arm-none-eabi/lib/thumb/v7e-m+fp/hard\libc_nano.a(libc_a-mprec.o)
                0x000000000800d8ac                _Balloc
 .text._Bfree   0x000000000800d92c       0x44 D:/ST/STM32CubeIDE_1.14.0/STM32CubeIDE/plugins/com.st.stm32cube.ide.mcu.externaltools.gnu-tools-for-stm32.11.3.rel1.win32_1.1.100.202309141235/tools/bin/../lib/gcc/arm-none-eabi/11.3.1/../../../../arm-none-eabi/lib/thumb/v7e-m+fp/hard\libc_nano.a(libc_a-mprec.o)
                0x000000000800d92c                _Bfree
 .text.__multadd
                0x000000000800d970       0x8c D:/ST/STM32CubeIDE_1.14.0/STM32CubeIDE/plugins/com.st.stm32cube.ide.mcu.externaltools.gnu-tools-for-stm32.11.3.rel1.win32_1.1.100.202309141235/tools/bin/../lib/gcc/arm-none-eabi/11.3.1/../../../../arm-none-eabi/lib/thumb/v7e-m+fp/hard\libc_nano.a(libc_a-mprec.o)
                0x000000000800d970                __multadd
 .text.__hi0bits
                0x000000000800d9fc       0x40 D:/ST/STM32CubeIDE_1.14.0/STM32CubeIDE/plugins/com.st.stm32cube.ide.mcu.externaltools.gnu-tools-for-stm32.11.3.rel1.win32_1.1.100.202309141235/tools/bin/../lib/gcc/arm-none-eabi/11.3.1/../../../../arm-none-eabi/lib/thumb/v7e-m+fp/hard\libc_nano.a(libc_a-mprec.o)
                0x000000000800d9fc                __hi0bits
 .text.__lo0bits
                0x000000000800da3c       0x5a D:/ST/STM32CubeIDE_1.14.0/STM32CubeIDE/plugins/com.st.stm32cube.ide.mcu.externaltools.gnu-tools-for-stm32.11.3.rel1.win32_1.1.100.202309141235/tools/bin/../lib/gcc/arm-none-eabi/11.3.1/../../../../arm-none-eabi/lib/thumb/v7e-m+fp/hard\libc_nano.a(libc_a-mprec.o)
                0x000000000800da3c                __lo0bits
 *fill*         0x000000000800da96        0x2 
 .text.__i2b    0x000000000800da98       0x2c D:/ST/STM32CubeIDE_1.14.0/STM32CubeIDE/plugins/com.st.stm32cube.ide.mcu.externaltools.gnu-tools-for-stm32.11.3.rel1.win32_1.1.100.202309141235/tools/bin/../lib/gcc/arm-none-eabi/11.3.1/../../../../arm-none-eabi/lib/thumb/v7e-m+fp/hard\libc_nano.a(libc_a-mprec.o)
                0x000000000800da98                __i2b
 .text.__multiply
                0x000000000800dac4      0x154 D:/ST/STM32CubeIDE_1.14.0/STM32CubeIDE/plugins/com.st.stm32cube.ide.mcu.externaltools.gnu-tools-for-stm32.11.3.rel1.win32_1.1.100.202309141235/tools/bin/../lib/gcc/arm-none-eabi/11.3.1/../../../../arm-none-eabi/lib/thumb/v7e-m+fp/hard\libc_nano.a(libc_a-mprec.o)
                0x000000000800dac4                __multiply
 .text.__pow5mult
                0x000000000800dc18       0xb4 D:/ST/STM32CubeIDE_1.14.0/STM32CubeIDE/plugins/com.st.stm32cube.ide.mcu.externaltools.gnu-tools-for-stm32.11.3.rel1.win32_1.1.100.202309141235/tools/bin/../lib/gcc/arm-none-eabi/11.3.1/../../../../arm-none-eabi/lib/thumb/v7e-m+fp/hard\libc_nano.a(libc_a-mprec.o)
                0x000000000800dc18                __pow5mult
 .text.__lshift
                0x000000000800dccc       0xd8 D:/ST/STM32CubeIDE_1.14.0/STM32CubeIDE/plugins/com.st.stm32cube.ide.mcu.externaltools.gnu-tools-for-stm32.11.3.rel1.win32_1.1.100.202309141235/tools/bin/../lib/gcc/arm-none-eabi/11.3.1/../../../../arm-none-eabi/lib/thumb/v7e-m+fp/hard\libc_nano.a(libc_a-mprec.o)
                0x000000000800dccc                __lshift
 .text.__mcmp   0x000000000800dda4       0x38 D:/ST/STM32CubeIDE_1.14.0/STM32CubeIDE/plugins/com.st.stm32cube.ide.mcu.externaltools.gnu-tools-for-stm32.11.3.rel1.win32_1.1.100.202309141235/tools/bin/../lib/gcc/arm-none-eabi/11.3.1/../../../../arm-none-eabi/lib/thumb/v7e-m+fp/hard\libc_nano.a(libc_a-mprec.o)
                0x000000000800dda4                __mcmp
 .text.__mdiff  0x000000000800dddc      0x114 D:/ST/STM32CubeIDE_1.14.0/STM32CubeIDE/plugins/com.st.stm32cube.ide.mcu.externaltools.gnu-tools-for-stm32.11.3.rel1.win32_1.1.100.202309141235/tools/bin/../lib/gcc/arm-none-eabi/11.3.1/../../../../arm-none-eabi/lib/thumb/v7e-m+fp/hard\libc_nano.a(libc_a-mprec.o)
                0x000000000800dddc                __mdiff
 .text.__d2b    0x000000000800def0       0xb4 D:/ST/STM32CubeIDE_1.14.0/STM32CubeIDE/plugins/com.st.stm32cube.ide.mcu.externaltools.gnu-tools-for-stm32.11.3.rel1.win32_1.1.100.202309141235/tools/bin/../lib/gcc/arm-none-eabi/11.3.1/../../../../arm-none-eabi/lib/thumb/v7e-m+fp/hard\libc_nano.a(libc_a-mprec.o)
                0x000000000800def0                __d2b
 .text.__sfputc_r
                0x000000000800dfa4       0x2e D:/ST/STM32CubeIDE_1.14.0/STM32CubeIDE/plugins/com.st.stm32cube.ide.mcu.externaltools.gnu-tools-for-stm32.11.3.rel1.win32_1.1.100.202309141235/tools/bin/../lib/gcc/arm-none-eabi/11.3.1/../../../../arm-none-eabi/lib/thumb/v7e-m+fp/hard\libc_nano.a(libc_a-nano-vfprintf.o)
 .text.__sfputs_r
                0x000000000800dfd2       0x24 D:/ST/STM32CubeIDE_1.14.0/STM32CubeIDE/plugins/com.st.stm32cube.ide.mcu.externaltools.gnu-tools-for-stm32.11.3.rel1.win32_1.1.100.202309141235/tools/bin/../lib/gcc/arm-none-eabi/11.3.1/../../../../arm-none-eabi/lib/thumb/v7e-m+fp/hard\libc_nano.a(libc_a-nano-vfprintf.o)
                0x000000000800dfd2                __sfputs_r
 *fill*         0x000000000800dff6        0x2 
 .text._vfprintf_r
                0x000000000800dff8      0x234 D:/ST/STM32CubeIDE_1.14.0/STM32CubeIDE/plugins/com.st.stm32cube.ide.mcu.externaltools.gnu-tools-for-stm32.11.3.rel1.win32_1.1.100.202309141235/tools/bin/../lib/gcc/arm-none-eabi/11.3.1/../../../../arm-none-eabi/lib/thumb/v7e-m+fp/hard\libc_nano.a(libc_a-nano-vfprintf.o)
                0x000000000800dff8                _vfprintf_r
                0x000000000800dff8                _vfiprintf_r
 .text.__sflush_r
                0x000000000800e22c      0x10c D:/ST/STM32CubeIDE_1.14.0/STM32CubeIDE/plugins/com.st.stm32cube.ide.mcu.externaltools.gnu-tools-for-stm32.11.3.rel1.win32_1.1.100.202309141235/tools/bin/../lib/gcc/arm-none-eabi/11.3.1/../../../../arm-none-eabi/lib/thumb/v7e-m+fp/hard\libc_nano.a(libc_a-fflush.o)
                0x000000000800e22c                __sflush_r
 .text._fflush_r
                0x000000000800e338       0x50 D:/ST/STM32CubeIDE_1.14.0/STM32CubeIDE/plugins/com.st.stm32cube.ide.mcu.externaltools.gnu-tools-for-stm32.11.3.rel1.win32_1.1.100.202309141235/tools/bin/../lib/gcc/arm-none-eabi/11.3.1/../../../../arm-none-eabi/lib/thumb/v7e-m+fp/hard\libc_nano.a(libc_a-fflush.o)
                0x000000000800e338                _fflush_r
 .text.__swbuf_r
                0x000000000800e388       0x7a D:/ST/STM32CubeIDE_1.14.0/STM32CubeIDE/plugins/com.st.stm32cube.ide.mcu.externaltools.gnu-tools-for-stm32.11.3.rel1.win32_1.1.100.202309141235/tools/bin/../lib/gcc/arm-none-eabi/11.3.1/../../../../arm-none-eabi/lib/thumb/v7e-m+fp/hard\libc_nano.a(libc_a-wbuf.o)
                0x000000000800e388                __swbuf_r
 *fill*         0x000000000800e402        0x2 
 .text.__swsetup_r
                0x000000000800e404       0xb0 D:/ST/STM32CubeIDE_1.14.0/STM32CubeIDE/plugins/com.st.stm32cube.ide.mcu.externaltools.gnu-tools-for-stm32.11.3.rel1.win32_1.1.100.202309141235/tools/bin/../lib/gcc/arm-none-eabi/11.3.1/../../../../arm-none-eabi/lib/thumb/v7e-m+fp/hard\libc_nano.a(libc_a-wsetup.o)
                0x000000000800e404                __swsetup_r
 .text._sbrk_r  0x000000000800e4b4       0x20 D:/ST/STM32CubeIDE_1.14.0/STM32CubeIDE/plugins/com.st.stm32cube.ide.mcu.externaltools.gnu-tools-for-stm32.11.3.rel1.win32_1.1.100.202309141235/tools/bin/../lib/gcc/arm-none-eabi/11.3.1/../../../../arm-none-eabi/lib/thumb/v7e-m+fp/hard\libc_nano.a(libc_a-sbrkr.o)
                0x000000000800e4b4                _sbrk_r
 .text.__assert_func
                0x000000000800e4d4       0x3c D:/ST/STM32CubeIDE_1.14.0/STM32CubeIDE/plugins/com.st.stm32cube.ide.mcu.externaltools.gnu-tools-for-stm32.11.3.rel1.win32_1.1.100.202309141235/tools/bin/../lib/gcc/arm-none-eabi/11.3.1/../../../../arm-none-eabi/lib/thumb/v7e-m+fp/hard\libc_nano.a(libc_a-assert.o)
                0x000000000800e4d4                __assert_func
 .text._calloc_r
                0x000000000800e510       0x2c D:/ST/STM32CubeIDE_1.14.0/STM32CubeIDE/plugins/com.st.stm32cube.ide.mcu.externaltools.gnu-tools-for-stm32.11.3.rel1.win32_1.1.100.202309141235/tools/bin/../lib/gcc/arm-none-eabi/11.3.1/../../../../arm-none-eabi/lib/thumb/v7e-m+fp/hard\libc_nano.a(libc_a-callocr.o)
                0x000000000800e510                _calloc_r
 .text.__ascii_mbtowc
                0x000000000800e53c       0x24 D:/ST/STM32CubeIDE_1.14.0/STM32CubeIDE/plugins/com.st.stm32cube.ide.mcu.externaltools.gnu-tools-for-stm32.11.3.rel1.win32_1.1.100.202309141235/tools/bin/../lib/gcc/arm-none-eabi/11.3.1/../../../../arm-none-eabi/lib/thumb/v7e-m+fp/hard\libc_nano.a(libc_a-mbtowc_r.o)
                0x000000000800e53c                __ascii_mbtowc
 .text.__ascii_wctomb
                0x000000000800e560       0x1a D:/ST/STM32CubeIDE_1.14.0/STM32CubeIDE/plugins/com.st.stm32cube.ide.mcu.externaltools.gnu-tools-for-stm32.11.3.rel1.win32_1.1.100.202309141235/tools/bin/../lib/gcc/arm-none-eabi/11.3.1/../../../../arm-none-eabi/lib/thumb/v7e-m+fp/hard\libc_nano.a(libc_a-wctomb_r.o)
                0x000000000800e560                __ascii_wctomb
 *fill*         0x000000000800e57a        0x2 
 .text.fprintf  0x000000000800e57c       0x24 D:/ST/STM32CubeIDE_1.14.0/STM32CubeIDE/plugins/com.st.stm32cube.ide.mcu.externaltools.gnu-tools-for-stm32.11.3.rel1.win32_1.1.100.202309141235/tools/bin/../lib/gcc/arm-none-eabi/11.3.1/../../../../arm-none-eabi/lib/thumb/v7e-m+fp/hard\libc_nano.a(libc_a-fprintf.o)
                0x000000000800e57c                fiprintf
                0x000000000800e57c                fprintf
 .text.__swhatbuf_r
                0x000000000800e5a0       0x4c D:/ST/STM32CubeIDE_1.14.0/STM32CubeIDE/plugins/com.st.stm32cube.ide.mcu.externaltools.gnu-tools-for-stm32.11.3.rel1.win32_1.1.100.202309141235/tools/bin/../lib/gcc/arm-none-eabi/11.3.1/../../../../arm-none-eabi/lib/thumb/v7e-m+fp/hard\libc_nano.a(libc_a-makebuf.o)
                0x000000000800e5a0                __swhatbuf_r
 .text.__smakebuf_r
                0x000000000800e5ec       0x78 D:/ST/STM32CubeIDE_1.14.0/STM32CubeIDE/plugins/com.st.stm32cube.ide.mcu.externaltools.gnu-tools-for-stm32.11.3.rel1.win32_1.1.100.202309141235/tools/bin/../lib/gcc/arm-none-eabi/11.3.1/../../../../arm-none-eabi/lib/thumb/v7e-m+fp/hard\libc_nano.a(libc_a-makebuf.o)
                0x000000000800e5ec                __smakebuf_r
 .text._fstat_r
                0x000000000800e664       0x24 D:/ST/STM32CubeIDE_1.14.0/STM32CubeIDE/plugins/com.st.stm32cube.ide.mcu.externaltools.gnu-tools-for-stm32.11.3.rel1.win32_1.1.100.202309141235/tools/bin/../lib/gcc/arm-none-eabi/11.3.1/../../../../arm-none-eabi/lib/thumb/v7e-m+fp/hard\libc_nano.a(libc_a-fstatr.o)
                0x000000000800e664                _fstat_r
 .text._isatty_r
                0x000000000800e688       0x20 D:/ST/STM32CubeIDE_1.14.0/STM32CubeIDE/plugins/com.st.stm32cube.ide.mcu.externaltools.gnu-tools-for-stm32.11.3.rel1.win32_1.1.100.202309141235/tools/bin/../lib/gcc/arm-none-eabi/11.3.1/../../../../arm-none-eabi/lib/thumb/v7e-m+fp/hard\libc_nano.a(libc_a-isattyr.o)
                0x000000000800e688                _isatty_r
 .text.abort    0x000000000800e6a8        0xe D:/ST/STM32CubeIDE_1.14.0/STM32CubeIDE/plugins/com.st.stm32cube.ide.mcu.externaltools.gnu-tools-for-stm32.11.3.rel1.win32_1.1.100.202309141235/tools/bin/../lib/gcc/arm-none-eabi/11.3.1/../../../../arm-none-eabi/lib/thumb/v7e-m+fp/hard\libc_nano.a(libc_a-abort.o)
                0x000000000800e6a8                abort
 .text._raise_r
                0x000000000800e6b6       0x50 D:/ST/STM32CubeIDE_1.14.0/STM32CubeIDE/plugins/com.st.stm32cube.ide.mcu.externaltools.gnu-tools-for-stm32.11.3.rel1.win32_1.1.100.202309141235/tools/bin/../lib/gcc/arm-none-eabi/11.3.1/../../../../arm-none-eabi/lib/thumb/v7e-m+fp/hard\libc_nano.a(libc_a-signal.o)
                0x000000000800e6b6                _raise_r
 *fill*         0x000000000800e706        0x2 
 .text.raise    0x000000000800e708       0x10 D:/ST/STM32CubeIDE_1.14.0/STM32CubeIDE/plugins/com.st.stm32cube.ide.mcu.externaltools.gnu-tools-for-stm32.11.3.rel1.win32_1.1.100.202309141235/tools/bin/../lib/gcc/arm-none-eabi/11.3.1/../../../../arm-none-eabi/lib/thumb/v7e-m+fp/hard\libc_nano.a(libc_a-signal.o)
                0x000000000800e708                raise
 .text._kill_r  0x000000000800e718       0x24 D:/ST/STM32CubeIDE_1.14.0/STM32CubeIDE/plugins/com.st.stm32cube.ide.mcu.externaltools.gnu-tools-for-stm32.11.3.rel1.win32_1.1.100.202309141235/tools/bin/../lib/gcc/arm-none-eabi/11.3.1/../../../../arm-none-eabi/lib/thumb/v7e-m+fp/hard\libc_nano.a(libc_a-signalr.o)
                0x000000000800e718                _kill_r
 .text._getpid_r
                0x000000000800e73c        0x4 D:/ST/STM32CubeIDE_1.14.0/STM32CubeIDE/plugins/com.st.stm32cube.ide.mcu.externaltools.gnu-tools-for-stm32.11.3.rel1.win32_1.1.100.202309141235/tools/bin/../lib/gcc/arm-none-eabi/11.3.1/../../../../arm-none-eabi/lib/thumb/v7e-m+fp/hard\libc_nano.a(libc_a-signalr.o)
                0x000000000800e73c                _getpid_r
 *(.glue_7)
 .glue_7        0x000000000800e740        0x0 linker stubs
 *(.glue_7t)
 .glue_7t       0x000000000800e740        0x0 linker stubs
 *(.eh_frame)
 .eh_frame      0x000000000800e740        0x0 D:/ST/STM32CubeIDE_1.14.0/STM32CubeIDE/plugins/com.st.stm32cube.ide.mcu.externaltools.gnu-tools-for-stm32.11.3.rel1.win32_1.1.100.202309141235/tools/bin/../lib/gcc/arm-none-eabi/11.3.1/thumb/v7e-m+fp/hard/crtbegin.o
 *(.init)
 .init          0x000000000800e740        0x4 D:/ST/STM32CubeIDE_1.14.0/STM32CubeIDE/plugins/com.st.stm32cube.ide.mcu.externaltools.gnu-tools-for-stm32.11.3.rel1.win32_1.1.100.202309141235/tools/bin/../lib/gcc/arm-none-eabi/11.3.1/thumb/v7e-m+fp/hard/crti.o
                0x000000000800e740                _init