../Core/Src/lsm9ds1_driver.c:49:16:lsm9ds1_read_reg	40	static
../Core/Src/lsm9ds1_driver.c:70:16:lsm9ds1_write_reg	40	static
../Core/Src/lsm9ds1_driver.c:93:9:lsm9ds1_from_fs2g_to_mg	16	static
../Core/Src/lsm9ds1_driver.c:98:9:lsm9ds1_from_fs4g_to_mg	16	static
../Core/Src/lsm9ds1_driver.c:103:9:lsm9ds1_from_fs8g_to_mg	16	static
../Core/Src/lsm9ds1_driver.c:108:9:lsm9ds1_from_fs16g_to_mg	16	static
../Core/Src/lsm9ds1_driver.c:113:9:lsm9ds1_from_fs245dps_to_mdps	16	static
../Core/Src/lsm9ds1_driver.c:118:9:lsm9ds1_from_fs500dps_to_mdps	16	static
../Core/Src/lsm9ds1_driver.c:123:9:lsm9ds1_from_fs2000dps_to_mdps	16	static
../Core/Src/lsm9ds1_driver.c:128:9:lsm9ds1_from_fs4gauss_to_mG	16	static
../Core/Src/lsm9ds1_driver.c:133:9:lsm9ds1_from_fs8gauss_to_mG	16	static
../Core/Src/lsm9ds1_driver.c:138:9:lsm9ds1_from_fs12gauss_to_mG	16	static
../Core/Src/lsm9ds1_driver.c:143:9:lsm9ds1_from_fs16gauss_to_mG	16	static
../Core/Src/lsm9ds1_driver.c:148:9:lsm9ds1_from_lsb_to_celsius	16	static
../Core/Src/lsm9ds1_driver.c:174:9:lsm9ds1_gy_full_scale_set	24	static
../Core/Src/lsm9ds1_driver.c:201:9:lsm9ds1_gy_full_scale_get	24	static
../Core/Src/lsm9ds1_driver.c:241:9:lsm9ds1_imu_data_rate_set	32	static
../Core/Src/lsm9ds1_driver.c:297:9:lsm9ds1_imu_data_rate_get	32	static
../Core/Src/lsm9ds1_driver.c:439:9:lsm9ds1_gy_orient_set	24	static
../Core/Src/lsm9ds1_driver.c:469:9:lsm9ds1_gy_orient_get	24	static
../Core/Src/lsm9ds1_driver.c:493:9:lsm9ds1_xl_flag_data_ready_get	24	static
../Core/Src/lsm9ds1_driver.c:514:9:lsm9ds1_gy_flag_data_ready_get	24	static
../Core/Src/lsm9ds1_driver.c:535:9:lsm9ds1_temp_flag_data_ready_get	24	static
../Core/Src/lsm9ds1_driver.c:556:9:lsm9ds1_gy_axis_set	24	static
../Core/Src/lsm9ds1_driver.c:582:9:lsm9ds1_gy_axis_get	24	static
../Core/Src/lsm9ds1_driver.c:603:9:lsm9ds1_xl_axis_set	24	static
../Core/Src/lsm9ds1_driver.c:631:9:lsm9ds1_xl_axis_get	24	static
../Core/Src/lsm9ds1_driver.c:653:9:lsm9ds1_xl_decimation_set	24	static
../Core/Src/lsm9ds1_driver.c:680:9:lsm9ds1_xl_decimation_get	24	static
../Core/Src/lsm9ds1_driver.c:723:9:lsm9ds1_xl_full_scale_set	24	static
../Core/Src/lsm9ds1_driver.c:750:9:lsm9ds1_xl_full_scale_get	24	static
../Core/Src/lsm9ds1_driver.c:794:9:lsm9ds1_block_data_update_set	40	static
../Core/Src/lsm9ds1_driver.c:837:9:lsm9ds1_block_data_update_get	40	static
../Core/Src/lsm9ds1_driver.c:867:9:lsm9ds1_mag_offset_set	32	static
../Core/Src/lsm9ds1_driver.c:893:9:lsm9ds1_mag_offset_get	32	static
../Core/Src/lsm9ds1_driver.c:917:9:lsm9ds1_mag_data_rate_set	32	static
../Core/Src/lsm9ds1_driver.c:975:9:lsm9ds1_mag_data_rate_get	32	static
../Core/Src/lsm9ds1_driver.c:1162:9:lsm9ds1_mag_full_scale_set	24	static
../Core/Src/lsm9ds1_driver.c:1189:9:lsm9ds1_mag_full_scale_get	24	static
../Core/Src/lsm9ds1_driver.c:1232:9:lsm9ds1_mag_flag_data_ready_get	24	static
../Core/Src/lsm9ds1_driver.c:1266:9:lsm9ds1_temperature_raw_get	24	static
../Core/Src/lsm9ds1_driver.c:1287:9:lsm9ds1_angular_rate_raw_get	32	static
../Core/Src/lsm9ds1_driver.c:1312:9:lsm9ds1_acceleration_raw_get	32	static
../Core/Src/lsm9ds1_driver.c:1337:9:lsm9ds1_magnetic_raw_get	32	static
../Core/Src/lsm9ds1_driver.c:1361:9:lsm9ds1_magnetic_overflow_get	24	static
../Core/Src/lsm9ds1_driver.c:1393:9:lsm9ds1_dev_id_get	32	static
../Core/Src/lsm9ds1_driver.c:1420:9:lsm9ds1_dev_status_get	32	static
../Core/Src/lsm9ds1_driver.c:1447:9:lsm9ds1_dev_reset_set	40	static
../Core/Src/lsm9ds1_driver.c:1490:9:lsm9ds1_dev_reset_get	40	static
../Core/Src/lsm9ds1_driver.c:1520:9:lsm9ds1_dev_data_format_set	40	static
../Core/Src/lsm9ds1_driver.c:1563:9:lsm9ds1_dev_data_format_get	40	static
../Core/Src/lsm9ds1_driver.c:1607:9:lsm9ds1_dev_boot_set	40	static
../Core/Src/lsm9ds1_driver.c:1650:9:lsm9ds1_dev_boot_get	40	static
../Core/Src/lsm9ds1_driver.c:1692:9:lsm9ds1_gy_filter_reference_set	24	static
../Core/Src/lsm9ds1_driver.c:1710:9:lsm9ds1_gy_filter_reference_get	24	static
../Core/Src/lsm9ds1_driver.c:1728:9:lsm9ds1_gy_filter_lp_bandwidth_set	24	static
../Core/Src/lsm9ds1_driver.c:1755:9:lsm9ds1_gy_filter_lp_bandwidth_get	24	static
../Core/Src/lsm9ds1_driver.c:1798:9:lsm9ds1_gy_filter_out_path_set	32	static
../Core/Src/lsm9ds1_driver.c:1839:9:lsm9ds1_gy_filter_out_path_get	32	static
../Core/Src/lsm9ds1_driver.c:1889:9:lsm9ds1_gy_filter_int_path_set	32	static
../Core/Src/lsm9ds1_driver.c:1930:9:lsm9ds1_gy_filter_int_path_get	32	static
../Core/Src/lsm9ds1_driver.c:1980:9:lsm9ds1_gy_filter_hp_bandwidth_set	24	static
../Core/Src/lsm9ds1_driver.c:2007:9:lsm9ds1_gy_filter_hp_bandwidth_get	24	static
../Core/Src/lsm9ds1_driver.c:2074:9:lsm9ds1_xl_filter_aalias_bandwidth_set	24	static
../Core/Src/lsm9ds1_driver.c:2102:9:lsm9ds1_xl_filter_aalias_bandwidth_get	24	static
../Core/Src/lsm9ds1_driver.c:2149:9:lsm9ds1_xl_filter_int_path_set	24	static
../Core/Src/lsm9ds1_driver.c:2176:9:lsm9ds1_xl_filter_int_path_get	24	static
../Core/Src/lsm9ds1_driver.c:2211:9:lsm9ds1_xl_filter_out_path_set	24	static
../Core/Src/lsm9ds1_driver.c:2238:9:lsm9ds1_xl_filter_out_path_get	24	static
../Core/Src/lsm9ds1_driver.c:2274:9:lsm9ds1_xl_filter_lp_bandwidth_set	24	static
../Core/Src/lsm9ds1_driver.c:2303:9:lsm9ds1_xl_filter_lp_bandwidth_get	24	static
../Core/Src/lsm9ds1_driver.c:2351:9:lsm9ds1_xl_filter_hp_bandwidth_set	24	static
../Core/Src/lsm9ds1_driver.c:2379:9:lsm9ds1_xl_filter_hp_bandwidth_get	24	static
../Core/Src/lsm9ds1_driver.c:2422:9:lsm9ds1_filter_settling_mask_set	24	static
../Core/Src/lsm9ds1_driver.c:2447:9:lsm9ds1_filter_settling_mask_get	24	static
../Core/Src/lsm9ds1_driver.c:2481:9:lsm9ds1_auto_increment_set	24	static
../Core/Src/lsm9ds1_driver.c:2506:9:lsm9ds1_auto_increment_get	24	static
../Core/Src/lsm9ds1_driver.c:2526:9:lsm9ds1_spi_mode_set	40	static
../Core/Src/lsm9ds1_driver.c:2569:9:lsm9ds1_spi_mode_get	40	static
../Core/Src/lsm9ds1_driver.c:2613:9:lsm9ds1_i2c_interface_set	40	static
../Core/Src/lsm9ds1_driver.c:2656:9:lsm9ds1_i2c_interface_get	40	static
../Core/Src/lsm9ds1_driver.c:2712:9:lsm9ds1_pin_logic_set	32	static
../Core/Src/lsm9ds1_driver.c:2753:9:lsm9ds1_pin_logic_get	32	static
../Core/Src/lsm9ds1_driver.c:2795:9:lsm9ds1_pin_int1_route_set	24	static
../Core/Src/lsm9ds1_driver.c:2827:9:lsm9ds1_pin_int1_route_get	24	static
../Core/Src/lsm9ds1_driver.c:2854:9:lsm9ds1_pin_int2_route_set	24	static
../Core/Src/lsm9ds1_driver.c:2885:9:lsm9ds1_pin_int2_route_get	24	static
../Core/Src/lsm9ds1_driver.c:2912:9:lsm9ds1_pin_notification_set	40	static
../Core/Src/lsm9ds1_driver.c:2969:9:lsm9ds1_pin_notification_get	40	static
../Core/Src/lsm9ds1_driver.c:3018:9:lsm9ds1_pin_mode_set	24	static
../Core/Src/lsm9ds1_driver.c:3042:9:lsm9ds1_pin_mode_get	24	static
../Core/Src/lsm9ds1_driver.c:3075:9:lsm9ds1_pin_int_m_route_set	24	static
../Core/Src/lsm9ds1_driver.c:3100:9:lsm9ds1_pin_int_m_route_get	24	static
../Core/Src/lsm9ds1_driver.c:3121:9:lsm9ds1_pin_polarity_set	40	static
../Core/Src/lsm9ds1_driver.c:3164:9:lsm9ds1_pin_polarity_get	40	static
../Core/Src/lsm9ds1_driver.c:3221:9:lsm9ds1_xl_trshld_axis_set	24	static
../Core/Src/lsm9ds1_driver.c:3254:9:lsm9ds1_xl_trshld_axis_get	24	static
../Core/Src/lsm9ds1_driver.c:3280:9:lsm9ds1_xl_trshld_set	24	static
../Core/Src/lsm9ds1_driver.c:3297:9:lsm9ds1_xl_trshld_get	24	static
../Core/Src/lsm9ds1_driver.c:3314:9:lsm9ds1_xl_trshld_min_sample_set	24	static
../Core/Src/lsm9ds1_driver.c:3352:9:lsm9ds1_xl_trshld_min_sample_get	24	static
../Core/Src/lsm9ds1_driver.c:3373:9:lsm9ds1_gy_trshld_src_get	24	static
../Core/Src/lsm9ds1_driver.c:3400:9:lsm9ds1_xl_trshld_src_get	24	static
../Core/Src/lsm9ds1_driver.c:3428:9:lsm9ds1_gy_trshld_axis_set	24	static
../Core/Src/lsm9ds1_driver.c:3461:9:lsm9ds1_gy_trshld_axis_get	24	static
../Core/Src/lsm9ds1_driver.c:3487:9:lsm9ds1_gy_trshld_mode_set	24	static
../Core/Src/lsm9ds1_driver.c:3514:9:lsm9ds1_gy_trshld_mode_get	24	static
../Core/Src/lsm9ds1_driver.c:3549:9:lsm9ds1_gy_trshld_x_set	32	static
../Core/Src/lsm9ds1_driver.c:3589:9:lsm9ds1_gy_trshld_x_get	32	static
../Core/Src/lsm9ds1_driver.c:3620:9:lsm9ds1_gy_trshld_y_set	32	static
../Core/Src/lsm9ds1_driver.c:3660:9:lsm9ds1_gy_trshld_y_get	32	static
../Core/Src/lsm9ds1_driver.c:3690:9:lsm9ds1_gy_trshld_z_set	32	static
../Core/Src/lsm9ds1_driver.c:3730:9:lsm9ds1_gy_trshld_z_get	32	static
../Core/Src/lsm9ds1_driver.c:3760:9:lsm9ds1_gy_trshld_min_sample_set	24	static
../Core/Src/lsm9ds1_driver.c:3797:9:lsm9ds1_gy_trshld_min_sample_get	24	static
../Core/Src/lsm9ds1_driver.c:3818:9:lsm9ds1_mag_trshld_axis_set	24	static
../Core/Src/lsm9ds1_driver.c:3845:9:lsm9ds1_mag_trshld_axis_get	24	static
../Core/Src/lsm9ds1_driver.c:3867:9:lsm9ds1_mag_trshld_src_get	24	static
../Core/Src/lsm9ds1_driver.c:3893:9:lsm9ds1_mag_trshld_get	32	static
../Core/Src/lsm9ds1_driver.c:3936:9:lsm9ds1_act_threshold_set	24	static
../Core/Src/lsm9ds1_driver.c:3960:9:lsm9ds1_act_threshold_get	24	static
../Core/Src/lsm9ds1_driver.c:3979:9:lsm9ds1_act_mode_set	32	static
../Core/Src/lsm9ds1_driver.c:4016:9:lsm9ds1_act_mode_get	32	static
../Core/Src/lsm9ds1_driver.c:4056:9:lsm9ds1_act_duration_set	24	static
../Core/Src/lsm9ds1_driver.c:4073:9:lsm9ds1_act_duration_get	24	static
../Core/Src/lsm9ds1_driver.c:4090:9:lsm9ds1_act_src_get	24	static
../Core/Src/lsm9ds1_driver.c:4137:9:lsm9ds1_6d_mode_set	32	static
../Core/Src/lsm9ds1_driver.c:4178:9:lsm9ds1_6d_mode_get	32	static
../Core/Src/lsm9ds1_driver.c:4232:9:lsm9ds1_6d_threshold_set	24	static
../Core/Src/lsm9ds1_driver.c:4249:9:lsm9ds1_6d_threshold_get	24	static
../Core/Src/lsm9ds1_driver.c:4266:9:lsm9ds1_6d_src_get	24	static
../Core/Src/lsm9ds1_driver.c:4306:9:lsm9ds1_fifo_stop_on_wtm_set	24	static
../Core/Src/lsm9ds1_driver.c:4331:9:lsm9ds1_fifo_stop_on_wtm_get	24	static
../Core/Src/lsm9ds1_driver.c:4350:9:lsm9ds1_fifo_mode_set	32	static
../Core/Src/lsm9ds1_driver.c:4387:9:lsm9ds1_fifo_mode_get	32	static
../Core/Src/lsm9ds1_driver.c:4443:9:lsm9ds1_fifo_temp_batch_set	24	static
../Core/Src/lsm9ds1_driver.c:4467:9:lsm9ds1_fifo_temp_batch_get	24	static
../Core/Src/lsm9ds1_driver.c:4486:9:lsm9ds1_fifo_watermark_set	24	static
../Core/Src/lsm9ds1_driver.c:4510:9:lsm9ds1_fifo_watermark_get	24	static
../Core/Src/lsm9ds1_driver.c:4529:9:lsm9ds1_fifo_full_flag_get	24	static
../Core/Src/lsm9ds1_driver.c:4548:9:lsm9ds1_fifo_data_level_get	24	static
../Core/Src/lsm9ds1_driver.c:4567:9:lsm9ds1_fifo_ovr_flag_get	24	static
../Core/Src/lsm9ds1_driver.c:4586:9:lsm9ds1_fifo_wtm_flag_get	24	static
../Core/Src/lsm9ds1_driver.c:4618:9:lsm9ds1_xl_self_test_set	24	static
../Core/Src/lsm9ds1_driver.c:4644:9:lsm9ds1_xl_self_test_get	24	static
../Core/Src/lsm9ds1_driver.c:4664:9:lsm9ds1_gy_self_test_set	24	static
../Core/Src/lsm9ds1_driver.c:4690:9:lsm9ds1_gy_self_test_get	24	static
../Core/Src/lsm9ds1_driver.c:4710:9:lsm9ds1_mag_self_test_set	24	static
../Core/Src/lsm9ds1_driver.c:4736:9:lsm9ds1_mag_self_test_get	24	static
