../Core/Src/main.c:157:5:main	8	static
../Core/Src/main.c:251:6:SystemClock_Config	96	static
../Core/Src/main.c:302:13:MX_I2C1_Init	8	static
../Core/Src/main.c:350:13:MX_LPUART1_UART_Init	8	static
../Core/Src/main.c:384:13:MX_SPI1_Init	8	static
../Core/Src/main.c:420:13:MX_DMA_Init	16	static
../Core/Src/main.c:438:13:MX_GPIO_Init	56	static
../Core/Src/main.c:527:6:StartConsoleTask	152	static
../Core/Src/main.c:561:6:StartIMUTask	48	static
../Core/Src/main.c:665:16:stm32l4_write_imu	48	static
../Core/Src/main.c:675:16:stm32l4_read_imu	48	static
../Core/Src/main.c:685:16:stm32l4_write_mag	48	static
../Core/Src/main.c:697:16:stm32l4_read_mag	48	static
../Core/Src/main.c:708:6:sendUART	16	static
../Core/Src/main.c:720:6:StartRFTask	32	static
../Core/Src/main.c:744:6:transmit_demo	56	dynamic
../Core/Src/main.c:769:6:HAL_TIM_PeriodElapsedCallback	16	static
../Core/Src/main.c:786:6:Error_Handler	4	static,ignoring_inline_asm
