../Core/Inc/dwt_stm32_delay.h:25:22:DWT_Delay_us	24	static
../Core/Src/rf_driver.c:346:9:rf_begin	24	static
../Core/Src/rf_driver.c:389:6:rf_reset	8	static
../Core/Src/rf_driver.c:407:9:rf_check	16	static
../Core/Src/rf_driver.c:430:6:rf_set_modulation_mode	24	static
../Core/Src/rf_driver.c:468:6:rf_set_ISMband	24	static
../Core/Src/rf_driver.c:514:6:rf_set_channel	16	static
../Core/Src/rf_driver.c:521:6:rf_set_output_power_level	24	static
../Core/Src/rf_driver.c:540:7:rf_set_carrier_offset	24	static
../Core/Src/rf_driver.c:552:7:rf_set_carrier_frequency	32	static
../Core/Src/rf_driver.c:569:7:rf_set_channel_spacing	40	static
../Core/Src/rf_driver.c:597:6:rf_set_preamble	16	static
../Core/Src/rf_driver.c:606:6:rf_set_preamble_threshold	16	static
../Core/Src/rf_driver.c:617:6:rf_sidle	16	static
../Core/Src/rf_driver.c:634:6:rf_receive	16	static
../Core/Src/rf_driver.c:652:6:rf_power_down	8	static
../Core/Src/rf_driver.c:658:6:rf_wakeup	8	static
../Core/Src/rf_driver.c:670:9:rf_get_settings	8	static
../Core/Src/rf_driver.c:677:6:rf_wor_enable	8	static
../Core/Src/rf_driver.c:709:6:rf_wor_disable	8	static
../Core/Src/rf_driver.c:715:6:rf_wor_reset	8	static
../Core/Src/rf_driver.c:727:9:_keep_transmiting_data	32	static
../Core/Src/rf_driver.c:759:21:send_frame	40	static
../Core/Src/rf_driver.c:841:9:rf_incoming_packet	4	static
../Core/Src/rf_driver.c:846:10:_keep_receiving_data	32	static
../Core/Src/rf_driver.c:874:9:polling_while_lower	24	static
../Core/Src/rf_driver.c:886:9:polling_while_bigger	24	static
../Core/Src/rf_driver.c:895:10:_get_frame_size	32	static
../Core/Src/rf_driver.c:910:21:receive_frame	48	static
../Core/Src/rf_driver.c:1044:6:rf_write_strobe	16	static
../Core/Src/rf_driver.c:1052:9:rf_read_register	24	static
../Core/Src/rf_driver.c:1063:6:rf_write_register	16	static
../Core/Src/rf_driver.c:1071:6:rf_read_data	16	static
../Core/Src/rf_driver.c:1086:6:rf_write_data	16	static
../Core/Src/rf_driver.c:1103:19:__spi_write	32	static
../Core/Src/rf_driver.c:1114:19:__spi_read	32	static
../Core/Src/rf_driver.c:1127:6:HAL_GPIO_EXTI_Callback	16	static
