../Core/Src/stm32l4xx_it.c:75:6:NMI_Handler	4	static
../Core/Src/stm32l4xx_it.c:90:6:HardFault_Handler	4	static
../Core/Src/stm32l4xx_it.c:105:6:MemManage_Handler	4	static
../Core/Src/stm32l4xx_it.c:120:6:BusFault_Handler	4	static
../Core/Src/stm32l4xx_it.c:135:6:UsageFault_Handler	4	static
../Core/Src/stm32l4xx_it.c:150:6:DebugMon_Handler	4	static
../Core/Src/stm32l4xx_it.c:170:6:I2C1_EV_IRQHandler	8	static
../Core/Src/stm32l4xx_it.c:184:6:EXTI15_10_IRQHandler	8	static
../Core/Src/stm32l4xx_it.c:199:6:TIM7_IRQHandler	8	static
../Core/Src/stm32l4xx_it.c:213:6:DMA2_Channel7_IRQHandler	8	static
../Core/Src/stm32l4xx_it.c:227:6:LPUART1_IRQHandler	8	static
